#2026 08 05 09:03:49.200#Z#DEBUG#7564f0ed-90ac-11f1-8dd2-eeee0a922324.hr-app-db-deployer#flowable-async-job-executor-thread-15624#
[PollStageAppStatusExecution] beeed844-a807-4ed8-a9f4-331b186edc29 [2026-08-05T09:03:22.550364] Updated app with guid beeed844-a807-4ed8-a9f4-331b186edc29 ({"lifecycle"=>{"data"=>{"buildpacks"=>["nodejs_buildpack"]}, "type"=>"buildpack"}}) (STDOUT, API)#
#2026 08 05 09:03:49.200#Z#DEBUG#7564f0ed-90ac-11f1-8dd2-eeee0a922324.hr-app-db-deployer#flowable-async-job-executor-thread-15624#
[PollStageAppStatusExecution] beeed844-a807-4ed8-a9f4-331b186edc29 [2026-08-05T09:03:22.638140] Updating process: "web" (STDOUT, API)#
#2026 08 05 09:03:49.200#Z#DEBUG#7564f0ed-90ac-11f1-8dd2-eeee0a922324.hr-app-db-deployer#flowable-async-job-executor-thread-15624#
[PollStageAppStatusExecution] beeed844-a807-4ed8-a9f4-331b186edc29 [2026-08-05T09:03:29.217851] Uploading app package for app with guid beeed844-a807-4ed8-a9f4-331b186edc29 (STDOUT, API)#
#2026 08 05 09:03:49.200#Z#DEBUG#7564f0ed-90ac-11f1-8dd2-eeee0a922324.hr-app-db-deployer#flowable-async-job-executor-thread-15624#
[PollStageAppStatusExecution] beeed844-a807-4ed8-a9f4-331b186edc29 [2026-08-05T09:03:29.389161] Updated app with guid beeed844-a807-4ed8-a9f4-331b186edc29 ({"environment_variables"=>"[PRIVATE DATA HIDDEN]"}) (STDOUT, API)#
#2026 08 05 09:03:49.200#Z#DEBUG#7564f0ed-90ac-11f1-8dd2-eeee0a922324.hr-app-db-deployer#flowable-async-job-executor-thread-15624#
[PollStageAppStatusExecution] beeed844-a807-4ed8-a9f4-331b186edc29 [2026-08-05T09:03:39.324253] Creating build for app with guid beeed844-a807-4ed8-a9f4-331b186edc29 (STDOUT, API)#
#2026 08 05 09:03:49.200#Z#DEBUG#7564f0ed-90ac-11f1-8dd2-eeee0a922324.hr-app-db-deployer#flowable-async-job-executor-thread-15624#
[PollStageAppStatusExecution] beeed844-a807-4ed8-a9f4-331b186edc29 [2026-08-05T09:03:39.891185] Downloading nodejs_buildpack... (STDOUT, STG)#
#2026 08 05 09:03:49.200#Z#DEBUG#7564f0ed-90ac-11f1-8dd2-eeee0a922324.hr-app-db-deployer#flowable-async-job-executor-thread-15624#
[PollStageAppStatusExecution] beeed844-a807-4ed8-a9f4-331b186edc29 [2026-08-05T09:03:39.936488] Downloaded nodejs_buildpack (STDOUT, STG)#
#2026 08 05 09:03:49.200#Z#DEBUG#7564f0ed-90ac-11f1-8dd2-eeee0a922324.hr-app-db-deployer#flowable-async-job-executor-thread-15624#
[PollStageAppStatusExecution] beeed844-a807-4ed8-a9f4-331b186edc29 [2026-08-05T09:03:39.936589] Cell c839c7b1-088e-41af-b9b7-66256aacd457 creating container for instance 04f0b48e-a2d6-4e47-80c9-31bd5a83ce92 (STDOUT, STG)#
#2026 08 05 09:03:49.200#Z#DEBUG#7564f0ed-90ac-11f1-8dd2-eeee0a922324.hr-app-db-deployer#flowable-async-job-executor-thread-15624#
[PollStageAppStatusExecution] beeed844-a807-4ed8-a9f4-331b186edc29 [2026-08-05T09:03:40.801161] Security group rules were updated (STDOUT, STG)#
#2026 08 05 09:03:49.200#Z#DEBUG#7564f0ed-90ac-11f1-8dd2-eeee0a922324.hr-app-db-deployer#flowable-async-job-executor-thread-15624#
[PollStageAppStatusExecution] beeed844-a807-4ed8-a9f4-331b186edc29 [2026-08-05T09:03:40.914679] Cell c839c7b1-088e-41af-b9b7-66256aacd457 successfully created container for instance 04f0b48e-a2d6-4e47-80c9-31bd5a83ce92 (STDOUT, STG)#
#2026 08 05 09:03:49.200#Z#DEBUG#7564f0ed-90ac-11f1-8dd2-eeee0a922324.hr-app-db-deployer#flowable-async-job-executor-thread-15624#
[PollStageAppStatusExecution] beeed844-a807-4ed8-a9f4-331b186edc29 [2026-08-05T09:03:41.654764] Downloading app package... (STDOUT, STG)#
#2026 08 05 09:03:49.200#Z#DEBUG#7564f0ed-90ac-11f1-8dd2-eeee0a922324.hr-app-db-deployer#flowable-async-job-executor-thread-15624#
[PollStageAppStatusExecution] beeed844-a807-4ed8-a9f4-331b186edc29 [2026-08-05T09:03:41.654925] Downloading build artifacts cache... (STDOUT, STG)#
#2026 08 05 09:03:49.200#Z#DEBUG#7564f0ed-90ac-11f1-8dd2-eeee0a922324.hr-app-db-deployer#flowable-async-job-executor-thread-15624#
[PollStageAppStatusExecution] beeed844-a807-4ed8-a9f4-331b186edc29 [2026-08-05T09:03:41.758994] Downloaded build artifacts cache (223B) (STDOUT, STG)#
#2026 08 05 09:03:49.200#Z#DEBUG#7564f0ed-90ac-11f1-8dd2-eeee0a922324.hr-app-db-deployer#flowable-async-job-executor-thread-15624#
[PollStageAppStatusExecution] beeed844-a807-4ed8-a9f4-331b186edc29 [2026-08-05T09:03:42.000643] Downloaded app package (2.3M) (STDOUT, STG)#
#2026 08 05 09:03:49.200#Z#DEBUG#7564f0ed-90ac-11f1-8dd2-eeee0a922324.hr-app-db-deployer#flowable-async-job-executor-thread-15624#
[PollStageAppStatusExecution] beeed844-a807-4ed8-a9f4-331b186edc29 [2026-08-05T09:03:42.139639] -----> Nodejs Buildpack version 1.9.2 (STDOUT, STG)#
#2026 08 05 09:03:49.200#Z#DEBUG#7564f0ed-90ac-11f1-8dd2-eeee0a922324.hr-app-db-deployer#flowable-async-job-executor-thread-15624#
[PollStageAppStatusExecution] beeed844-a807-4ed8-a9f4-331b186edc29 [2026-08-05T09:03:42.287602] -----> Bootstrapping python (STDOUT, STG)#
#2026 08 05 09:03:49.200#Z#DEBUG#7564f0ed-90ac-11f1-8dd2-eeee0a922324.hr-app-db-deployer#flowable-async-job-executor-thread-15624#
[PollStageAppStatusExecution] beeed844-a807-4ed8-a9f4-331b186edc29 [2026-08-05T09:03:42.287630] -----> Installing python 3.13.13 (STDOUT, STG)#
#2026 08 05 09:03:49.200#Z#DEBUG#7564f0ed-90ac-11f1-8dd2-eeee0a922324.hr-app-db-deployer#flowable-async-job-executor-thread-15624#
[PollStageAppStatusExecution] beeed844-a807-4ed8-a9f4-331b186edc29 [2026-08-05T09:03:42.287686] Copy [/tmp/buildpacks/17bd89c67d092631/dependencies/268a5e3743d51a14b86ea9da64439307/python_3.13.13_linux_x64_cflinuxfs4_8311abbf.tgz] (STDOUT, STG)#
#2026 08 05 09:03:49.200#Z#DEBUG#7564f0ed-90ac-11f1-8dd2-eeee0a922324.hr-app-db-deployer#flowable-async-job-executor-thread-15624#
[PollStageAppStatusExecution] beeed844-a807-4ed8-a9f4-331b186edc29 [2026-08-05T09:03:46.909234] -----> Installing binaries (STDOUT, STG)#
#2026 08 05 09:03:49.200#Z#DEBUG#7564f0ed-90ac-11f1-8dd2-eeee0a922324.hr-app-db-deployer#flowable-async-job-executor-thread-15624#
[PollStageAppStatusExecution] beeed844-a807-4ed8-a9f4-331b186edc29 [2026-08-05T09:03:46.909445] engines.node (package.json): ^24 (STDOUT, STG)#
#2026 08 05 09:03:49.200#Z#DEBUG#7564f0ed-90ac-11f1-8dd2-eeee0a922324.hr-app-db-deployer#flowable-async-job-executor-thread-15624#
[PollStageAppStatusExecution] beeed844-a807-4ed8-a9f4-331b186edc29 [2026-08-05T09:03:46.909512] engines.npm (package.json): unspecified (use default) (STDOUT, STG)#
#2026 08 05 09:03:49.200#Z#DEBUG#7564f0ed-90ac-11f1-8dd2-eeee0a922324.hr-app-db-deployer#flowable-async-job-executor-thread-15624#
[PollStageAppStatusExecution] beeed844-a807-4ed8-a9f4-331b186edc29 [2026-08-05T09:03:46.909713] -----> Installing node 24.15.0 (STDOUT, STG)#
#2026 08 05 09:03:49.200#Z#DEBUG#7564f0ed-90ac-11f1-8dd2-eeee0a922324.hr-app-db-deployer#flowable-async-job-executor-thread-15624#
[PollStageAppStatusExecution] beeed844-a807-4ed8-a9f4-331b186edc29 [2026-08-05T09:03:46.909969] Copy [/tmp/buildpacks/17bd89c67d092631/dependencies/6441e97e6386f47ec4c16cfdf8db0a17/node_24.15.0_linux_x64_cflinuxfs4_1a62d98b.tgz] (STDOUT, STG)#
#2026 08 05 09:03:59.203#Z#DEBUG#7564f0ed-90ac-11f1-8dd2-eeee0a922324.hr-app-db-deployer#flowable-async-job-executor-thread-15633#
[PollStageAppStatusExecution] beeed844-a807-4ed8-a9f4-331b186edc29 [2026-08-05T09:03:49.513785] Using default npm version: 11.12.1 (STDOUT, STG)#
#2026 08 05 09:03:59.203#Z#DEBUG#7564f0ed-90ac-11f1-8dd2-eeee0a922324.hr-app-db-deployer#flowable-async-job-executor-thread-15633#
[PollStageAppStatusExecution] beeed844-a807-4ed8-a9f4-331b186edc29 [2026-08-05T09:03:49.513812] -----> Installing yarn 1.22.22 (STDOUT, STG)#
#2026 08 05 09:03:59.203#Z#DEBUG#7564f0ed-90ac-11f1-8dd2-eeee0a922324.hr-app-db-deployer#flowable-async-job-executor-thread-15633#
[PollStageAppStatusExecution] beeed844-a807-4ed8-a9f4-331b186edc29 [2026-08-05T09:03:49.514024] Copy [/tmp/buildpacks/17bd89c67d092631/dependencies/e4fe26756e9984a665478d350474fa2e/yarn_1.22.22_linux_noarch_any-stack_b6132b86.tgz] (STDOUT, STG)#
#2026 08 05 09:03:59.203#Z#DEBUG#7564f0ed-90ac-11f1-8dd2-eeee0a922324.hr-app-db-deployer#flowable-async-job-executor-thread-15633#
[PollStageAppStatusExecution] beeed844-a807-4ed8-a9f4-331b186edc29 [2026-08-05T09:03:49.931700] Installed yarn 1.22.22 (STDOUT, STG)#
#2026 08 05 09:03:59.203#Z#DEBUG#7564f0ed-90ac-11f1-8dd2-eeee0a922324.hr-app-db-deployer#flowable-async-job-executor-thread-15633#
[PollStageAppStatusExecution] beeed844-a807-4ed8-a9f4-331b186edc29 [2026-08-05T09:03:49.931736] -----> Creating runtime environment (STDOUT, STG)#
#2026 08 05 09:03:59.203#Z#DEBUG#7564f0ed-90ac-11f1-8dd2-eeee0a922324.hr-app-db-deployer#flowable-async-job-executor-thread-15633#
[PollStageAppStatusExecution] beeed844-a807-4ed8-a9f4-331b186edc29 [2026-08-05T09:03:49.933676] NODE_ENV=production (STDOUT, STG)#
#2026 08 05 09:03:59.203#Z#DEBUG#7564f0ed-90ac-11f1-8dd2-eeee0a922324.hr-app-db-deployer#flowable-async-job-executor-thread-15633#
[PollStageAppStatusExecution] beeed844-a807-4ed8-a9f4-331b186edc29 [2026-08-05T09:03:49.933701] NODE_HOME=/tmp/contents2442477368/deps/0/node (STDOUT, STG)#
#2026 08 05 09:03:59.203#Z#DEBUG#7564f0ed-90ac-11f1-8dd2-eeee0a922324.hr-app-db-deployer#flowable-async-job-executor-thread-15633#
[PollStageAppStatusExecution] beeed844-a807-4ed8-a9f4-331b186edc29 [2026-08-05T09:03:49.933704] NODE_MODULES_CACHE=true (STDOUT, STG)#
#2026 08 05 09:03:59.203#Z#DEBUG#7564f0ed-90ac-11f1-8dd2-eeee0a922324.hr-app-db-deployer#flowable-async-job-executor-thread-15633#
[PollStageAppStatusExecution] beeed844-a807-4ed8-a9f4-331b186edc29 [2026-08-05T09:03:49.933715] NODE_VERBOSE=false (STDOUT, STG)#
#2026 08 05 09:03:59.203#Z#DEBUG#7564f0ed-90ac-11f1-8dd2-eeee0a922324.hr-app-db-deployer#flowable-async-job-executor-thread-15633#
[PollStageAppStatusExecution] beeed844-a807-4ed8-a9f4-331b186edc29 [2026-08-05T09:03:49.933745] NPM_CONFIG_LOGLEVEL=error (STDOUT, STG)#
#2026 08 05 09:03:59.203#Z#DEBUG#7564f0ed-90ac-11f1-8dd2-eeee0a922324.hr-app-db-deployer#flowable-async-job-executor-thread-15633#
[PollStageAppStatusExecution] beeed844-a807-4ed8-a9f4-331b186edc29 [2026-08-05T09:03:49.933751] NPM_CONFIG_PRODUCTION=true (STDOUT, STG)#
#2026 08 05 09:03:59.203#Z#DEBUG#7564f0ed-90ac-11f1-8dd2-eeee0a922324.hr-app-db-deployer#flowable-async-job-executor-thread-15633#
[PollStageAppStatusExecution] beeed844-a807-4ed8-a9f4-331b186edc29 [2026-08-05T09:03:49.933859] -----> Building dependencies (STDOUT, STG)#
#2026 08 05 09:03:59.203#Z#DEBUG#7564f0ed-90ac-11f1-8dd2-eeee0a922324.hr-app-db-deployer#flowable-async-job-executor-thread-15633#
[PollStageAppStatusExecution] beeed844-a807-4ed8-a9f4-331b186edc29 [2026-08-05T09:03:49.933875] Prebuild detected (node_modules already exists) (STDOUT, STG)#
#2026 08 05 09:03:59.203#Z#DEBUG#7564f0ed-90ac-11f1-8dd2-eeee0a922324.hr-app-db-deployer#flowable-async-job-executor-thread-15633#
[PollStageAppStatusExecution] beeed844-a807-4ed8-a9f4-331b186edc29 [2026-08-05T09:03:49.933901] Rebuilding any native modules (STDOUT, STG)#
#2026 08 05 09:03:59.203#Z#DEBUG#7564f0ed-90ac-11f1-8dd2-eeee0a922324.hr-app-db-deployer#flowable-async-job-executor-thread-15633#
[PollStageAppStatusExecution] beeed844-a807-4ed8-a9f4-331b186edc29 [2026-08-05T09:03:50.590305] rebuilt dependencies successfully (STDOUT, STG)#
#2026 08 05 09:03:59.203#Z#DEBUG#7564f0ed-90ac-11f1-8dd2-eeee0a922324.hr-app-db-deployer#flowable-async-job-executor-thread-15633#
[PollStageAppStatusExecution] beeed844-a807-4ed8-a9f4-331b186edc29 [2026-08-05T09:03:50.658092] Installing any new modules (package.json + package-lock.json) (STDOUT, STG)#
#2026 08 05 09:03:59.203#Z#DEBUG#7564f0ed-90ac-11f1-8dd2-eeee0a922324.hr-app-db-deployer#flowable-async-job-executor-thread-15633#
[PollStageAppStatusExecution] beeed844-a807-4ed8-a9f4-331b186edc29 [2026-08-05T09:03:51.198942] up to date in 450ms (STDOUT, STG)#
#2026 08 05 09:03:59.203#Z#DEBUG#7564f0ed-90ac-11f1-8dd2-eeee0a922324.hr-app-db-deployer#flowable-async-job-executor-thread-15633#
[PollStageAppStatusExecution] beeed844-a807-4ed8-a9f4-331b186edc29 [2026-08-05T09:03:51.199291] 4 packages are looking for funding (STDOUT, STG)#
#2026 08 05 09:03:59.203#Z#DEBUG#7564f0ed-90ac-11f1-8dd2-eeee0a922324.hr-app-db-deployer#flowable-async-job-executor-thread-15633#
[PollStageAppStatusExecution] beeed844-a807-4ed8-a9f4-331b186edc29 [2026-08-05T09:03:51.199381] run `npm fund` for details (STDOUT, STG)#
#2026 08 05 09:03:59.203#Z#DEBUG#7564f0ed-90ac-11f1-8dd2-eeee0a922324.hr-app-db-deployer#flowable-async-job-executor-thread-15633#
[PollStageAppStatusExecution] beeed844-a807-4ed8-a9f4-331b186edc29 [2026-08-05T09:03:52.172478] Contrast Security no credentials found. Will not write environment files. (STDOUT, STG)#
#2026 08 05 09:04:09.286#Z#DEBUG#7564f0ed-90ac-11f1-8dd2-eeee0a922324.hr-app-db-deployer#flowable-async-job-executor-thread-15636#
[PollStageAppStatusExecution] beeed844-a807-4ed8-a9f4-331b186edc29 [2026-08-05T09:04:02.177005] Exit status 0 (STDOUT, STG)#
#2026 08 05 09:04:09.286#Z#DEBUG#7564f0ed-90ac-11f1-8dd2-eeee0a922324.hr-app-db-deployer#flowable-async-job-executor-thread-15636#
[PollStageAppStatusExecution] beeed844-a807-4ed8-a9f4-331b186edc29 [2026-08-05T09:04:02.177106] Uploading droplet, build artifacts cache... (STDOUT, STG)#
#2026 08 05 09:04:09.286#Z#DEBUG#7564f0ed-90ac-11f1-8dd2-eeee0a922324.hr-app-db-deployer#flowable-async-job-executor-thread-15636#
[PollStageAppStatusExecution] beeed844-a807-4ed8-a9f4-331b186edc29 [2026-08-05T09:04:02.177169] Uploading droplet... (STDOUT, STG)#
#2026 08 05 09:04:09.286#Z#DEBUG#7564f0ed-90ac-11f1-8dd2-eeee0a922324.hr-app-db-deployer#flowable-async-job-executor-thread-15636#
[PollStageAppStatusExecution] beeed844-a807-4ed8-a9f4-331b186edc29 [2026-08-05T09:04:02.177195] Uploading build artifacts cache... (STDOUT, STG)#
#2026 08 05 09:04:09.286#Z#DEBUG#7564f0ed-90ac-11f1-8dd2-eeee0a922324.hr-app-db-deployer#flowable-async-job-executor-thread-15636#
[PollStageAppStatusExecution] beeed844-a807-4ed8-a9f4-331b186edc29 [2026-08-05T09:04:02.210208] Uploaded build artifacts cache (223B) (STDOUT, STG)#
#2026 08 05 09:04:09.286#Z#DEBUG#7564f0ed-90ac-11f1-8dd2-eeee0a922324.hr-app-db-deployer#flowable-async-job-executor-thread-15636#
[PollStageAppStatusExecution] beeed844-a807-4ed8-a9f4-331b186edc29 [2026-08-05T09:04:03.042261] Creating droplet for app with guid beeed844-a807-4ed8-a9f4-331b186edc29 (STDOUT, API)#
#2026 08 05 09:04:09.286#Z#DEBUG#7564f0ed-90ac-11f1-8dd2-eeee0a922324.hr-app-db-deployer#flowable-async-job-executor-thread-15636#
[PollStageAppStatusExecution] beeed844-a807-4ed8-a9f4-331b186edc29 [2026-08-05T09:04:06.116135] Uploaded droplet (58.6M) (STDOUT, STG)#
#2026 08 05 09:04:09.286#Z#DEBUG#7564f0ed-90ac-11f1-8dd2-eeee0a922324.hr-app-db-deployer#flowable-async-job-executor-thread-15636#
[PollStageAppStatusExecution] beeed844-a807-4ed8-a9f4-331b186edc29 [2026-08-05T09:04:06.142986] Uploading complete (STDOUT, STG)#
#2026 08 05 09:04:09.286#Z#DEBUG#7564f0ed-90ac-11f1-8dd2-eeee0a922324.hr-app-db-deployer#flowable-async-job-executor-thread-15636#
[PollStageAppStatusExecution] beeed844-a807-4ed8-a9f4-331b186edc29 [2026-08-05T09:04:07.306305] Cell c839c7b1-088e-41af-b9b7-66256aacd457 stopping instance 04f0b48e-a2d6-4e47-80c9-31bd5a83ce92 (STDOUT, STG)#
#2026 08 05 09:04:09.286#Z#DEBUG#7564f0ed-90ac-11f1-8dd2-eeee0a922324.hr-app-db-deployer#flowable-async-job-executor-thread-15636#
[PollStageAppStatusExecution] beeed844-a807-4ed8-a9f4-331b186edc29 [2026-08-05T09:04:07.306345] Cell c839c7b1-088e-41af-b9b7-66256aacd457 destroying container for instance 04f0b48e-a2d6-4e47-80c9-31bd5a83ce92 (STDOUT, STG)#
#2026 08 05 09:04:09.286#Z#DEBUG#7564f0ed-90ac-11f1-8dd2-eeee0a922324.hr-app-db-deployer#flowable-async-job-executor-thread-15636#
[PollStageAppStatusExecution] beeed844-a807-4ed8-a9f4-331b186edc29 [2026-08-05T09:04:07.350691] Staging complete for build 04f0b48e-a2d6-4e47-80c9-31bd5a83ce92 (STDOUT, API)#
#2026 08 05 09:04:19.667#Z#DEBUG#7564f0ed-90ac-11f1-8dd2-eeee0a922324.hr-app-db-deployer#flowable-async-job-executor-thread-8760#
[PollExecuteTaskStatusExecution] beeed844-a807-4ed8-a9f4-331b186edc29 [2026-08-05T09:03:22.550364] Updated app with guid beeed844-a807-4ed8-a9f4-331b186edc29 ({"lifecycle"=>{"data"=>{"buildpacks"=>["nodejs_buildpack"]}, "type"=>"buildpack"}}) (STDOUT, API)#
#2026 08 05 09:04:19.667#Z#DEBUG#7564f0ed-90ac-11f1-8dd2-eeee0a922324.hr-app-db-deployer#flowable-async-job-executor-thread-8760#
[PollExecuteTaskStatusExecution] beeed844-a807-4ed8-a9f4-331b186edc29 [2026-08-05T09:03:22.638140] Updating process: "web" (STDOUT, API)#
#2026 08 05 09:04:19.667#Z#DEBUG#7564f0ed-90ac-11f1-8dd2-eeee0a922324.hr-app-db-deployer#flowable-async-job-executor-thread-8760#
[PollExecuteTaskStatusExecution] beeed844-a807-4ed8-a9f4-331b186edc29 [2026-08-05T09:03:29.217851] Uploading app package for app with guid beeed844-a807-4ed8-a9f4-331b186edc29 (STDOUT, API)#
#2026 08 05 09:04:19.667#Z#DEBUG#7564f0ed-90ac-11f1-8dd2-eeee0a922324.hr-app-db-deployer#flowable-async-job-executor-thread-8760#
[PollExecuteTaskStatusExecution] beeed844-a807-4ed8-a9f4-331b186edc29 [2026-08-05T09:03:29.389161] Updated app with guid beeed844-a807-4ed8-a9f4-331b186edc29 ({"environment_variables"=>"[PRIVATE DATA HIDDEN]"}) (STDOUT, API)#
#2026 08 05 09:04:19.667#Z#DEBUG#7564f0ed-90ac-11f1-8dd2-eeee0a922324.hr-app-db-deployer#flowable-async-job-executor-thread-8760#
[PollExecuteTaskStatusExecution] beeed844-a807-4ed8-a9f4-331b186edc29 [2026-08-05T09:03:39.324253] Creating build for app with guid beeed844-a807-4ed8-a9f4-331b186edc29 (STDOUT, API)#
#2026 08 05 09:04:19.667#Z#DEBUG#7564f0ed-90ac-11f1-8dd2-eeee0a922324.hr-app-db-deployer#flowable-async-job-executor-thread-8760#
[PollExecuteTaskStatusExecution] beeed844-a807-4ed8-a9f4-331b186edc29 [2026-08-05T09:03:39.891185] Downloading nodejs_buildpack... (STDOUT, STG)#
#2026 08 05 09:04:19.667#Z#DEBUG#7564f0ed-90ac-11f1-8dd2-eeee0a922324.hr-app-db-deployer#flowable-async-job-executor-thread-8760#
[PollExecuteTaskStatusExecution] beeed844-a807-4ed8-a9f4-331b186edc29 [2026-08-05T09:03:39.936488] Downloaded nodejs_buildpack (STDOUT, STG)#
#2026 08 05 09:04:19.667#Z#DEBUG#7564f0ed-90ac-11f1-8dd2-eeee0a922324.hr-app-db-deployer#flowable-async-job-executor-thread-8760#
[PollExecuteTaskStatusExecution] beeed844-a807-4ed8-a9f4-331b186edc29 [2026-08-05T09:03:39.936589] Cell c839c7b1-088e-41af-b9b7-66256aacd457 creating container for instance 04f0b48e-a2d6-4e47-80c9-31bd5a83ce92 (STDOUT, STG)#
#2026 08 05 09:04:19.667#Z#DEBUG#7564f0ed-90ac-11f1-8dd2-eeee0a922324.hr-app-db-deployer#flowable-async-job-executor-thread-8760#
[PollExecuteTaskStatusExecution] beeed844-a807-4ed8-a9f4-331b186edc29 [2026-08-05T09:03:40.801161] Security group rules were updated (STDOUT, STG)#
#2026 08 05 09:04:19.667#Z#DEBUG#7564f0ed-90ac-11f1-8dd2-eeee0a922324.hr-app-db-deployer#flowable-async-job-executor-thread-8760#
[PollExecuteTaskStatusExecution] beeed844-a807-4ed8-a9f4-331b186edc29 [2026-08-05T09:03:40.914679] Cell c839c7b1-088e-41af-b9b7-66256aacd457 successfully created container for instance 04f0b48e-a2d6-4e47-80c9-31bd5a83ce92 (STDOUT, STG)#
#2026 08 05 09:04:19.667#Z#DEBUG#7564f0ed-90ac-11f1-8dd2-eeee0a922324.hr-app-db-deployer#flowable-async-job-executor-thread-8760#
[PollExecuteTaskStatusExecution] beeed844-a807-4ed8-a9f4-331b186edc29 [2026-08-05T09:03:41.654764] Downloading app package... (STDOUT, STG)#
#2026 08 05 09:04:19.667#Z#DEBUG#7564f0ed-90ac-11f1-8dd2-eeee0a922324.hr-app-db-deployer#flowable-async-job-executor-thread-8760#
[PollExecuteTaskStatusExecution] beeed844-a807-4ed8-a9f4-331b186edc29 [2026-08-05T09:03:41.654925] Downloading build artifacts cache... (STDOUT, STG)#
#2026 08 05 09:04:19.667#Z#DEBUG#7564f0ed-90ac-11f1-8dd2-eeee0a922324.hr-app-db-deployer#flowable-async-job-executor-thread-8760#
[PollExecuteTaskStatusExecution] beeed844-a807-4ed8-a9f4-331b186edc29 [2026-08-05T09:03:41.758994] Downloaded build artifacts cache (223B) (STDOUT, STG)#
#2026 08 05 09:04:19.667#Z#DEBUG#7564f0ed-90ac-11f1-8dd2-eeee0a922324.hr-app-db-deployer#flowable-async-job-executor-thread-8760#
[PollExecuteTaskStatusExecution] beeed844-a807-4ed8-a9f4-331b186edc29 [2026-08-05T09:03:42.000643] Downloaded app package (2.3M) (STDOUT, STG)#
#2026 08 05 09:04:19.667#Z#DEBUG#7564f0ed-90ac-11f1-8dd2-eeee0a922324.hr-app-db-deployer#flowable-async-job-executor-thread-8760#
[PollExecuteTaskStatusExecution] beeed844-a807-4ed8-a9f4-331b186edc29 [2026-08-05T09:03:42.139639] -----> Nodejs Buildpack version 1.9.2 (STDOUT, STG)#
#2026 08 05 09:04:19.667#Z#DEBUG#7564f0ed-90ac-11f1-8dd2-eeee0a922324.hr-app-db-deployer#flowable-async-job-executor-thread-8760#
[PollExecuteTaskStatusExecution] beeed844-a807-4ed8-a9f4-331b186edc29 [2026-08-05T09:03:42.287602] -----> Bootstrapping python (STDOUT, STG)#
#2026 08 05 09:04:19.667#Z#DEBUG#7564f0ed-90ac-11f1-8dd2-eeee0a922324.hr-app-db-deployer#flowable-async-job-executor-thread-8760#
[PollExecuteTaskStatusExecution] beeed844-a807-4ed8-a9f4-331b186edc29 [2026-08-05T09:03:42.287630] -----> Installing python 3.13.13 (STDOUT, STG)#
#2026 08 05 09:04:19.667#Z#DEBUG#7564f0ed-90ac-11f1-8dd2-eeee0a922324.hr-app-db-deployer#flowable-async-job-executor-thread-8760#
[PollExecuteTaskStatusExecution] beeed844-a807-4ed8-a9f4-331b186edc29 [2026-08-05T09:03:42.287686] Copy [/tmp/buildpacks/17bd89c67d092631/dependencies/268a5e3743d51a14b86ea9da64439307/python_3.13.13_linux_x64_cflinuxfs4_8311abbf.tgz] (STDOUT, STG)#
#2026 08 05 09:04:19.667#Z#DEBUG#7564f0ed-90ac-11f1-8dd2-eeee0a922324.hr-app-db-deployer#flowable-async-job-executor-thread-8760#
[PollExecuteTaskStatusExecution] beeed844-a807-4ed8-a9f4-331b186edc29 [2026-08-05T09:03:46.909234] -----> Installing binaries (STDOUT, STG)#
#2026 08 05 09:04:19.667#Z#DEBUG#7564f0ed-90ac-11f1-8dd2-eeee0a922324.hr-app-db-deployer#flowable-async-job-executor-thread-8760#
[PollExecuteTaskStatusExecution] beeed844-a807-4ed8-a9f4-331b186edc29 [2026-08-05T09:03:46.909445] engines.node (package.json): ^24 (STDOUT, STG)#
#2026 08 05 09:04:19.667#Z#DEBUG#7564f0ed-90ac-11f1-8dd2-eeee0a922324.hr-app-db-deployer#flowable-async-job-executor-thread-8760#
[PollExecuteTaskStatusExecution] beeed844-a807-4ed8-a9f4-331b186edc29 [2026-08-05T09:03:46.909512] engines.npm (package.json): unspecified (use default) (STDOUT, STG)#
#2026 08 05 09:04:19.667#Z#DEBUG#7564f0ed-90ac-11f1-8dd2-eeee0a922324.hr-app-db-deployer#flowable-async-job-executor-thread-8760#
[PollExecuteTaskStatusExecution] beeed844-a807-4ed8-a9f4-331b186edc29 [2026-08-05T09:03:46.909713] -----> Installing node 24.15.0 (STDOUT, STG)#
#2026 08 05 09:04:19.667#Z#DEBUG#7564f0ed-90ac-11f1-8dd2-eeee0a922324.hr-app-db-deployer#flowable-async-job-executor-thread-8760#
[PollExecuteTaskStatusExecution] beeed844-a807-4ed8-a9f4-331b186edc29 [2026-08-05T09:03:46.909969] Copy [/tmp/buildpacks/17bd89c67d092631/dependencies/6441e97e6386f47ec4c16cfdf8db0a17/node_24.15.0_linux_x64_cflinuxfs4_1a62d98b.tgz] (STDOUT, STG)#
#2026 08 05 09:04:19.667#Z#DEBUG#7564f0ed-90ac-11f1-8dd2-eeee0a922324.hr-app-db-deployer#flowable-async-job-executor-thread-8760#
[PollExecuteTaskStatusExecution] beeed844-a807-4ed8-a9f4-331b186edc29 [2026-08-05T09:03:49.513785] Using default npm version: 11.12.1 (STDOUT, STG)#
#2026 08 05 09:04:19.667#Z#DEBUG#7564f0ed-90ac-11f1-8dd2-eeee0a922324.hr-app-db-deployer#flowable-async-job-executor-thread-8760#
[PollExecuteTaskStatusExecution] beeed844-a807-4ed8-a9f4-331b186edc29 [2026-08-05T09:03:49.513812] -----> Installing yarn 1.22.22 (STDOUT, STG)#
#2026 08 05 09:04:19.667#Z#DEBUG#7564f0ed-90ac-11f1-8dd2-eeee0a922324.hr-app-db-deployer#flowable-async-job-executor-thread-8760#
[PollExecuteTaskStatusExecution] beeed844-a807-4ed8-a9f4-331b186edc29 [2026-08-05T09:03:49.514024] Copy [/tmp/buildpacks/17bd89c67d092631/dependencies/e4fe26756e9984a665478d350474fa2e/yarn_1.22.22_linux_noarch_any-stack_b6132b86.tgz] (STDOUT, STG)#
#2026 08 05 09:04:19.667#Z#DEBUG#7564f0ed-90ac-11f1-8dd2-eeee0a922324.hr-app-db-deployer#flowable-async-job-executor-thread-8760#
[PollExecuteTaskStatusExecution] beeed844-a807-4ed8-a9f4-331b186edc29 [2026-08-05T09:03:49.931700] Installed yarn 1.22.22 (STDOUT, STG)#
#2026 08 05 09:04:19.667#Z#DEBUG#7564f0ed-90ac-11f1-8dd2-eeee0a922324.hr-app-db-deployer#flowable-async-job-executor-thread-8760#
[PollExecuteTaskStatusExecution] beeed844-a807-4ed8-a9f4-331b186edc29 [2026-08-05T09:03:49.931736] -----> Creating runtime environment (STDOUT, STG)#
#2026 08 05 09:04:19.667#Z#DEBUG#7564f0ed-90ac-11f1-8dd2-eeee0a922324.hr-app-db-deployer#flowable-async-job-executor-thread-8760#
[PollExecuteTaskStatusExecution] beeed844-a807-4ed8-a9f4-331b186edc29 [2026-08-05T09:03:49.933676] NODE_ENV=production (STDOUT, STG)#
#2026 08 05 09:04:19.667#Z#DEBUG#7564f0ed-90ac-11f1-8dd2-eeee0a922324.hr-app-db-deployer#flowable-async-job-executor-thread-8760#
[PollExecuteTaskStatusExecution] beeed844-a807-4ed8-a9f4-331b186edc29 [2026-08-05T09:03:49.933701] NODE_HOME=/tmp/contents2442477368/deps/0/node (STDOUT, STG)#
#2026 08 05 09:04:19.667#Z#DEBUG#7564f0ed-90ac-11f1-8dd2-eeee0a922324.hr-app-db-deployer#flowable-async-job-executor-thread-8760#
[PollExecuteTaskStatusExecution] beeed844-a807-4ed8-a9f4-331b186edc29 [2026-08-05T09:03:49.933704] NODE_MODULES_CACHE=true (STDOUT, STG)#
#2026 08 05 09:04:19.667#Z#DEBUG#7564f0ed-90ac-11f1-8dd2-eeee0a922324.hr-app-db-deployer#flowable-async-job-executor-thread-8760#
[PollExecuteTaskStatusExecution] beeed844-a807-4ed8-a9f4-331b186edc29 [2026-08-05T09:03:49.933715] NODE_VERBOSE=false (STDOUT, STG)#
#2026 08 05 09:04:19.667#Z#DEBUG#7564f0ed-90ac-11f1-8dd2-eeee0a922324.hr-app-db-deployer#flowable-async-job-executor-thread-8760#
[PollExecuteTaskStatusExecution] beeed844-a807-4ed8-a9f4-331b186edc29 [2026-08-05T09:03:49.933745] NPM_CONFIG_LOGLEVEL=error (STDOUT, STG)#
#2026 08 05 09:04:19.668#Z#DEBUG#7564f0ed-90ac-11f1-8dd2-eeee0a922324.hr-app-db-deployer#flowable-async-job-executor-thread-8760#
[PollExecuteTaskStatusExecution] beeed844-a807-4ed8-a9f4-331b186edc29 [2026-08-05T09:03:49.933751] NPM_CONFIG_PRODUCTION=true (STDOUT, STG)#
#2026 08 05 09:04:19.668#Z#DEBUG#7564f0ed-90ac-11f1-8dd2-eeee0a922324.hr-app-db-deployer#flowable-async-job-executor-thread-8760#
[PollExecuteTaskStatusExecution] beeed844-a807-4ed8-a9f4-331b186edc29 [2026-08-05T09:03:49.933859] -----> Building dependencies (STDOUT, STG)#
#2026 08 05 09:04:19.668#Z#DEBUG#7564f0ed-90ac-11f1-8dd2-eeee0a922324.hr-app-db-deployer#flowable-async-job-executor-thread-8760#
[PollExecuteTaskStatusExecution] beeed844-a807-4ed8-a9f4-331b186edc29 [2026-08-05T09:03:49.933875] Prebuild detected (node_modules already exists) (STDOUT, STG)#
#2026 08 05 09:04:19.668#Z#DEBUG#7564f0ed-90ac-11f1-8dd2-eeee0a922324.hr-app-db-deployer#flowable-async-job-executor-thread-8760#
[PollExecuteTaskStatusExecution] beeed844-a807-4ed8-a9f4-331b186edc29 [2026-08-05T09:03:49.933901] Rebuilding any native modules (STDOUT, STG)#
#2026 08 05 09:04:19.668#Z#DEBUG#7564f0ed-90ac-11f1-8dd2-eeee0a922324.hr-app-db-deployer#flowable-async-job-executor-thread-8760#
[PollExecuteTaskStatusExecution] beeed844-a807-4ed8-a9f4-331b186edc29 [2026-08-05T09:03:50.590305] rebuilt dependencies successfully (STDOUT, STG)#
#2026 08 05 09:04:19.668#Z#DEBUG#7564f0ed-90ac-11f1-8dd2-eeee0a922324.hr-app-db-deployer#flowable-async-job-executor-thread-8760#
[PollExecuteTaskStatusExecution] beeed844-a807-4ed8-a9f4-331b186edc29 [2026-08-05T09:03:50.658092] Installing any new modules (package.json + package-lock.json) (STDOUT, STG)#
#2026 08 05 09:04:19.668#Z#DEBUG#7564f0ed-90ac-11f1-8dd2-eeee0a922324.hr-app-db-deployer#flowable-async-job-executor-thread-8760#
[PollExecuteTaskStatusExecution] beeed844-a807-4ed8-a9f4-331b186edc29 [2026-08-05T09:03:51.198942] up to date in 450ms (STDOUT, STG)#
#2026 08 05 09:04:19.668#Z#DEBUG#7564f0ed-90ac-11f1-8dd2-eeee0a922324.hr-app-db-deployer#flowable-async-job-executor-thread-8760#
[PollExecuteTaskStatusExecution] beeed844-a807-4ed8-a9f4-331b186edc29 [2026-08-05T09:03:51.199291] 4 packages are looking for funding (STDOUT, STG)#
#2026 08 05 09:04:19.668#Z#DEBUG#7564f0ed-90ac-11f1-8dd2-eeee0a922324.hr-app-db-deployer#flowable-async-job-executor-thread-8760#
[PollExecuteTaskStatusExecution] beeed844-a807-4ed8-a9f4-331b186edc29 [2026-08-05T09:03:51.199381] run `npm fund` for details (STDOUT, STG)#
#2026 08 05 09:04:19.668#Z#DEBUG#7564f0ed-90ac-11f1-8dd2-eeee0a922324.hr-app-db-deployer#flowable-async-job-executor-thread-8760#
[PollExecuteTaskStatusExecution] beeed844-a807-4ed8-a9f4-331b186edc29 [2026-08-05T09:03:52.172478] Contrast Security no credentials found. Will not write environment files. (STDOUT, STG)#
#2026 08 05 09:04:19.668#Z#DEBUG#7564f0ed-90ac-11f1-8dd2-eeee0a922324.hr-app-db-deployer#flowable-async-job-executor-thread-8760#
[PollExecuteTaskStatusExecution] beeed844-a807-4ed8-a9f4-331b186edc29 [2026-08-05T09:04:02.177005] Exit status 0 (STDOUT, STG)#
#2026 08 05 09:04:19.668#Z#DEBUG#7564f0ed-90ac-11f1-8dd2-eeee0a922324.hr-app-db-deployer#flowable-async-job-executor-thread-8760#
[PollExecuteTaskStatusExecution] beeed844-a807-4ed8-a9f4-331b186edc29 [2026-08-05T09:04:02.177106] Uploading droplet, build artifacts cache... (STDOUT, STG)#
#2026 08 05 09:04:19.668#Z#DEBUG#7564f0ed-90ac-11f1-8dd2-eeee0a922324.hr-app-db-deployer#flowable-async-job-executor-thread-8760#
[PollExecuteTaskStatusExecution] beeed844-a807-4ed8-a9f4-331b186edc29 [2026-08-05T09:04:02.177169] Uploading droplet... (STDOUT, STG)#
#2026 08 05 09:04:19.668#Z#DEBUG#7564f0ed-90ac-11f1-8dd2-eeee0a922324.hr-app-db-deployer#flowable-async-job-executor-thread-8760#
[PollExecuteTaskStatusExecution] beeed844-a807-4ed8-a9f4-331b186edc29 [2026-08-05T09:04:02.177195] Uploading build artifacts cache... (STDOUT, STG)#
#2026 08 05 09:04:19.668#Z#DEBUG#7564f0ed-90ac-11f1-8dd2-eeee0a922324.hr-app-db-deployer#flowable-async-job-executor-thread-8760#
[PollExecuteTaskStatusExecution] beeed844-a807-4ed8-a9f4-331b186edc29 [2026-08-05T09:04:02.210208] Uploaded build artifacts cache (223B) (STDOUT, STG)#
#2026 08 05 09:04:19.668#Z#DEBUG#7564f0ed-90ac-11f1-8dd2-eeee0a922324.hr-app-db-deployer#flowable-async-job-executor-thread-8760#
[PollExecuteTaskStatusExecution] beeed844-a807-4ed8-a9f4-331b186edc29 [2026-08-05T09:04:03.042261] Creating droplet for app with guid beeed844-a807-4ed8-a9f4-331b186edc29 (STDOUT, API)#
#2026 08 05 09:04:19.668#Z#DEBUG#7564f0ed-90ac-11f1-8dd2-eeee0a922324.hr-app-db-deployer#flowable-async-job-executor-thread-8760#
[PollExecuteTaskStatusExecution] beeed844-a807-4ed8-a9f4-331b186edc29 [2026-08-05T09:04:06.116135] Uploaded droplet (58.6M) (STDOUT, STG)#
#2026 08 05 09:04:19.668#Z#DEBUG#7564f0ed-90ac-11f1-8dd2-eeee0a922324.hr-app-db-deployer#flowable-async-job-executor-thread-8760#
[PollExecuteTaskStatusExecution] beeed844-a807-4ed8-a9f4-331b186edc29 [2026-08-05T09:04:06.142986] Uploading complete (STDOUT, STG)#
#2026 08 05 09:04:19.668#Z#DEBUG#7564f0ed-90ac-11f1-8dd2-eeee0a922324.hr-app-db-deployer#flowable-async-job-executor-thread-8760#
[PollExecuteTaskStatusExecution] beeed844-a807-4ed8-a9f4-331b186edc29 [2026-08-05T09:04:07.306305] Cell c839c7b1-088e-41af-b9b7-66256aacd457 stopping instance 04f0b48e-a2d6-4e47-80c9-31bd5a83ce92 (STDOUT, STG)#
#2026 08 05 09:04:19.668#Z#DEBUG#7564f0ed-90ac-11f1-8dd2-eeee0a922324.hr-app-db-deployer#flowable-async-job-executor-thread-8760#
[PollExecuteTaskStatusExecution] beeed844-a807-4ed8-a9f4-331b186edc29 [2026-08-05T09:04:07.306345] Cell c839c7b1-088e-41af-b9b7-66256aacd457 destroying container for instance 04f0b48e-a2d6-4e47-80c9-31bd5a83ce92 (STDOUT, STG)#
#2026 08 05 09:04:19.668#Z#DEBUG#7564f0ed-90ac-11f1-8dd2-eeee0a922324.hr-app-db-deployer#flowable-async-job-executor-thread-8760#
[PollExecuteTaskStatusExecution] beeed844-a807-4ed8-a9f4-331b186edc29 [2026-08-05T09:04:07.350691] Staging complete for build 04f0b48e-a2d6-4e47-80c9-31bd5a83ce92 (STDOUT, API)#
#2026 08 05 09:04:19.668#Z#DEBUG#7564f0ed-90ac-11f1-8dd2-eeee0a922324.hr-app-db-deployer#flowable-async-job-executor-thread-8760#
[PollExecuteTaskStatusExecution] beeed844-a807-4ed8-a9f4-331b186edc29 [2026-08-05T09:04:09.421921] Updated app with guid beeed844-a807-4ed8-a9f4-331b186edc29 ({:droplet_guid=>"d25935bb-684b-4720-b176-21409ccf818c"}) (STDOUT, API)#
#2026 08 05 09:04:19.668#Z#DEBUG#7564f0ed-90ac-11f1-8dd2-eeee0a922324.hr-app-db-deployer#flowable-async-job-executor-thread-8760#
[PollExecuteTaskStatusExecution] beeed844-a807-4ed8-a9f4-331b186edc29 [2026-08-05T09:04:09.950952] Cell 77283d80-dfa7-40ba-ba4e-265aef112085 creating container for instance b743e773-a8b3-46e4-8aa2-abaf49fdf8e1 (STDOUT, CELL)#
#2026 08 05 09:04:19.668#Z#DEBUG#7564f0ed-90ac-11f1-8dd2-eeee0a922324.hr-app-db-deployer#flowable-async-job-executor-thread-8760#
[PollExecuteTaskStatusExecution] beeed844-a807-4ed8-a9f4-331b186edc29 [2026-08-05T09:04:10.277352] Cell c839c7b1-088e-41af-b9b7-66256aacd457 successfully destroyed container for instance 04f0b48e-a2d6-4e47-80c9-31bd5a83ce92 (STDOUT, STG)#
#2026 08 05 09:04:19.668#Z#DEBUG#7564f0ed-90ac-11f1-8dd2-eeee0a922324.hr-app-db-deployer#flowable-async-job-executor-thread-8760#
[PollExecuteTaskStatusExecution] beeed844-a807-4ed8-a9f4-331b186edc29 [2026-08-05T09:04:10.825849] Security group rules were updated (STDOUT, CELL)#
#2026 08 05 09:04:19.668#Z#DEBUG#7564f0ed-90ac-11f1-8dd2-eeee0a922324.hr-app-db-deployer#flowable-async-job-executor-thread-8760#
[PollExecuteTaskStatusExecution] beeed844-a807-4ed8-a9f4-331b186edc29 [2026-08-05T09:04:10.923214] Cell 77283d80-dfa7-40ba-ba4e-265aef112085 successfully created container for instance b743e773-a8b3-46e4-8aa2-abaf49fdf8e1 (STDOUT, CELL)#
#2026 08 05 09:04:19.668#Z#DEBUG#7564f0ed-90ac-11f1-8dd2-eeee0a922324.hr-app-db-deployer#flowable-async-job-executor-thread-8760#
[PollExecuteTaskStatusExecution] beeed844-a807-4ed8-a9f4-331b186edc29 [2026-08-05T09:04:15.414589] Invoking pre-start scripts. (STDOUT, APP/TASK/deploy)#
#2026 08 05 09:04:19.668#Z#DEBUG#7564f0ed-90ac-11f1-8dd2-eeee0a922324.hr-app-db-deployer#flowable-async-job-executor-thread-8760#
[PollExecuteTaskStatusExecution] beeed844-a807-4ed8-a9f4-331b186edc29 [2026-08-05T09:04:15.622910] Invoking start command. (STDOUT, APP/TASK/deploy)#
#2026 08 05 09:04:19.668#Z#DEBUG#7564f0ed-90ac-11f1-8dd2-eeee0a922324.hr-app-db-deployer#flowable-async-job-executor-thread-8760#
[PollExecuteTaskStatusExecution] beeed844-a807-4ed8-a9f4-331b186edc29 [2026-08-05T09:04:16.109880] > start (STDOUT, APP/TASK/deploy)#
#2026 08 05 09:04:19.668#Z#DEBUG#7564f0ed-90ac-11f1-8dd2-eeee0a922324.hr-app-db-deployer#flowable-async-job-executor-thread-8760#
[PollExecuteTaskStatusExecution] beeed844-a807-4ed8-a9f4-331b186edc29 [2026-08-05T09:04:16.109914] > node node_modules/@sap/hdi-deploy/deploy.js --use-hdb --parameter com.sap.hana.di.table/try_fast_table_migration=true (STDOUT, APP/TASK/deploy)#
#2026 08 05 09:04:19.668#Z#DEBUG#7564f0ed-90ac-11f1-8dd2-eeee0a922324.hr-app-db-deployer#flowable-async-job-executor-thread-8760#
[PollExecuteTaskStatusExecution] beeed844-a807-4ed8-a9f4-331b186edc29 [2026-08-05T09:04:16.268414] VCAP_SERVICES: (STDOUT, APP/TASK/deploy)#
#2026 08 05 09:04:19.668#Z#DEBUG#7564f0ed-90ac-11f1-8dd2-eeee0a922324.hr-app-db-deployer#flowable-async-job-executor-thread-8760#
[PollExecuteTaskStatusExecution] beeed844-a807-4ed8-a9f4-331b186edc29 [2026-08-05T09:04:16.269167] { (STDOUT, APP/TASK/deploy)#
#2026 08 05 09:04:19.668#Z#DEBUG#7564f0ed-90ac-11f1-8dd2-eeee0a922324.hr-app-db-deployer#flowable-async-job-executor-thread-8760#
[PollExecuteTaskStatusExecution] beeed844-a807-4ed8-a9f4-331b186edc29 [2026-08-05T09:04:16.269188] "hana": [ (STDOUT, APP/TASK/deploy)#
#2026 08 05 09:04:19.668#Z#DEBUG#7564f0ed-90ac-11f1-8dd2-eeee0a922324.hr-app-db-deployer#flowable-async-job-executor-thread-8760#
[PollExecuteTaskStatusExecution] beeed844-a807-4ed8-a9f4-331b186edc29 [2026-08-05T09:04:16.269195] { (STDOUT, APP/TASK/deploy)#
#2026 08 05 09:04:19.668#Z#DEBUG#7564f0ed-90ac-11f1-8dd2-eeee0a922324.hr-app-db-deployer#flowable-async-job-executor-thread-8760#
[PollExecuteTaskStatusExecution] beeed844-a807-4ed8-a9f4-331b186edc29 [2026-08-05T09:04:16.269198] "name": "hr-app-hdi", (STDOUT, APP/TASK/deploy)#
#2026 08 05 09:04:19.668#Z#DEBUG#7564f0ed-90ac-11f1-8dd2-eeee0a922324.hr-app-db-deployer#flowable-async-job-executor-thread-8760#
[PollExecuteTaskStatusExecution] beeed844-a807-4ed8-a9f4-331b186edc29 [2026-08-05T09:04:16.269201] "label": "hana", (STDOUT, APP/TASK/deploy)#
#2026 08 05 09:04:19.668#Z#DEBUG#7564f0ed-90ac-11f1-8dd2-eeee0a922324.hr-app-db-deployer#flowable-async-job-executor-thread-8760#
[PollExecuteTaskStatusExecution] beeed844-a807-4ed8-a9f4-331b186edc29 [2026-08-05T09:04:16.269206] "plan": "hdi-shared", (STDOUT, APP/TASK/deploy)#
#2026 08 05 09:04:19.668#Z#DEBUG#7564f0ed-90ac-11f1-8dd2-eeee0a922324.hr-app-db-deployer#flowable-async-job-executor-thread-8760#
[PollExecuteTaskStatusExecution] beeed844-a807-4ed8-a9f4-331b186edc29 [2026-08-05T09:04:16.269211] "credentials": { (STDOUT, APP/TASK/deploy)#
#2026 08 05 09:04:19.668#Z#DEBUG#7564f0ed-90ac-11f1-8dd2-eeee0a922324.hr-app-db-deployer#flowable-async-job-executor-thread-8760#
[PollExecuteTaskStatusExecution] beeed844-a807-4ed8-a9f4-331b186edc29 [2026-08-05T09:04:16.269215] "schema": "B4B8755CF2D94AFAAEA6724E2C6F856C", (STDOUT, APP/TASK/deploy)#
#2026 08 05 09:04:19.668#Z#DEBUG#7564f0ed-90ac-11f1-8dd2-eeee0a922324.hr-app-db-deployer#flowable-async-job-executor-thread-8760#
[PollExecuteTaskStatusExecution] beeed844-a807-4ed8-a9f4-331b186edc29 [2026-08-05T09:04:16.269218] "database_id": "4b91b748-240e-4a13-94ca-d1536631a3d5", (STDOUT, APP/TASK/deploy)#
#2026 08 05 09:04:19.668#Z#DEBUG#7564f0ed-90ac-11f1-8dd2-eeee0a922324.hr-app-db-deployer#flowable-async-job-executor-thread-8760#
[PollExecuteTaskStatusExecution] beeed844-a807-4ed8-a9f4-331b186edc29 [2026-08-05T09:04:16.269220] "user": "B4B8755CF2D94AFAAEA6724E2C6F856C_6KTMQ5BE8621V1DSBZC6UE9JY_RT", (STDOUT, APP/TASK/deploy)#
#2026 08 05 09:04:19.668#Z#DEBUG#7564f0ed-90ac-11f1-8dd2-eeee0a922324.hr-app-db-deployer#flowable-async-job-executor-thread-8760#
[PollExecuteTaskStatusExecution] beeed844-a807-4ed8-a9f4-331b186edc29 [2026-08-05T09:04:16.269223] "hdi_user": "B4B8755CF2D94AFAAEA6724E2C6F856C_6KTMQ5BE8621V1DSBZC6UE9JY_DT" (STDOUT, APP/TASK/deploy)#
#2026 08 05 09:04:19.668#Z#DEBUG#7564f0ed-90ac-11f1-8dd2-eeee0a922324.hr-app-db-deployer#flowable-async-job-executor-thread-8760#
[PollExecuteTaskStatusExecution] beeed844-a807-4ed8-a9f4-331b186edc29 [2026-08-05T09:04:16.269225] }, (STDOUT, APP/TASK/deploy)#
#2026 08 05 09:04:19.668#Z#DEBUG#7564f0ed-90ac-11f1-8dd2-eeee0a922324.hr-app-db-deployer#flowable-async-job-executor-thread-8760#
[PollExecuteTaskStatusExecution] beeed844-a807-4ed8-a9f4-331b186edc29 [2026-08-05T09:04:16.269228] "tags": [ (STDOUT, APP/TASK/deploy)#
#2026 08 05 09:04:19.668#Z#DEBUG#7564f0ed-90ac-11f1-8dd2-eeee0a922324.hr-app-db-deployer#flowable-async-job-executor-thread-8760#
[PollExecuteTaskStatusExecution] beeed844-a807-4ed8-a9f4-331b186edc29 [2026-08-05T09:04:16.269230] "hana", (STDOUT, APP/TASK/deploy)#
#2026 08 05 09:04:19.668#Z#DEBUG#7564f0ed-90ac-11f1-8dd2-eeee0a922324.hr-app-db-deployer#flowable-async-job-executor-thread-8760#
[PollExecuteTaskStatusExecution] beeed844-a807-4ed8-a9f4-331b186edc29 [2026-08-05T09:04:16.269232] "database", (STDOUT, APP/TASK/deploy)#
#2026 08 05 09:04:19.668#Z#DEBUG#7564f0ed-90ac-11f1-8dd2-eeee0a922324.hr-app-db-deployer#flowable-async-job-executor-thread-8760#
[PollExecuteTaskStatusExecution] beeed844-a807-4ed8-a9f4-331b186edc29 [2026-08-05T09:04:16.269233] "relational" (STDOUT, APP/TASK/deploy)#
#2026 08 05 09:04:19.668#Z#DEBUG#7564f0ed-90ac-11f1-8dd2-eeee0a922324.hr-app-db-deployer#flowable-async-job-executor-thread-8760#
[PollExecuteTaskStatusExecution] beeed844-a807-4ed8-a9f4-331b186edc29 [2026-08-05T09:04:16.269237] ] (STDOUT, APP/TASK/deploy)#
#2026 08 05 09:04:19.668#Z#DEBUG#7564f0ed-90ac-11f1-8dd2-eeee0a922324.hr-app-db-deployer#flowable-async-job-executor-thread-8760#
[PollExecuteTaskStatusExecution] beeed844-a807-4ed8-a9f4-331b186edc29 [2026-08-05T09:04:16.269239] } (STDOUT, APP/TASK/deploy)#
#2026 08 05 09:04:19.668#Z#DEBUG#7564f0ed-90ac-11f1-8dd2-eeee0a922324.hr-app-db-deployer#flowable-async-job-executor-thread-8760#
[PollExecuteTaskStatusExecution] beeed844-a807-4ed8-a9f4-331b186edc29 [2026-08-05T09:04:16.269241] ] (STDOUT, APP/TASK/deploy)#
#2026 08 05 09:04:19.668#Z#DEBUG#7564f0ed-90ac-11f1-8dd2-eeee0a922324.hr-app-db-deployer#flowable-async-job-executor-thread-8760#
[PollExecuteTaskStatusExecution] beeed844-a807-4ed8-a9f4-331b186edc29 [2026-08-05T09:04:16.269243] } (STDOUT, APP/TASK/deploy)#
#2026 08 05 09:04:19.668#Z#DEBUG#7564f0ed-90ac-11f1-8dd2-eeee0a922324.hr-app-db-deployer#flowable-async-job-executor-thread-8760#
[PollExecuteTaskStatusExecution] beeed844-a807-4ed8-a9f4-331b186edc29 [2026-08-05T09:04:16.763050] @sap/hdi-deploy, version 5.7.0 (mode default), server version 4.00.000.00.1783512515 (4.0.0.0), cloud version 2026.14.10, node version 24.15.0, HDI version 1016, container API version 1007 (STDOUT, APP/TASK/deploy)#
#2026 08 05 09:04:19.668#Z#DEBUG#7564f0ed-90ac-11f1-8dd2-eeee0a922324.hr-app-db-deployer#flowable-async-job-executor-thread-8760#
[PollExecuteTaskStatusExecution] beeed844-a807-4ed8-a9f4-331b186edc29 [2026-08-05T09:04:16.763080] Deployment started at 2026-08-05 09:04:16 (STDOUT, APP/TASK/deploy)#
#2026 08 05 09:04:19.668#Z#DEBUG#7564f0ed-90ac-11f1-8dd2-eeee0a922324.hr-app-db-deployer#flowable-async-job-executor-thread-8760#
[PollExecuteTaskStatusExecution] beeed844-a807-4ed8-a9f4-331b186edc29 [2026-08-05T09:04:16.763337] Using hdb@2.29.5 for connection (STDOUT, APP/TASK/deploy)#
#2026 08 05 09:04:19.668#Z#DEBUG#7564f0ed-90ac-11f1-8dd2-eeee0a922324.hr-app-db-deployer#flowable-async-job-executor-thread-8760#
[PollExecuteTaskStatusExecution] beeed844-a807-4ed8-a9f4-331b186edc29 [2026-08-05T09:04:16.783020] No ignore file at /home/vcap/app/.hdiignore. (STDOUT, APP/TASK/deploy)#
#2026 08 05 09:04:19.668#Z#DEBUG#7564f0ed-90ac-11f1-8dd2-eeee0a922324.hr-app-db-deployer#flowable-async-job-executor-thread-8760#
[PollExecuteTaskStatusExecution] beeed844-a807-4ed8-a9f4-331b186edc29 [2026-08-05T09:04:16.783245] Collecting files... (STDOUT, APP/TASK/deploy)#
#2026 08 05 09:04:19.668#Z#DEBUG#7564f0ed-90ac-11f1-8dd2-eeee0a922324.hr-app-db-deployer#flowable-async-job-executor-thread-8760#
[PollExecuteTaskStatusExecution] beeed844-a807-4ed8-a9f4-331b186edc29 [2026-08-05T09:04:16.789797] Collecting files... ok (0s 6ms) (STDOUT, APP/TASK/deploy)#
#2026 08 05 09:04:19.668#Z#DEBUG#7564f0ed-90ac-11f1-8dd2-eeee0a922324.hr-app-db-deployer#flowable-async-job-executor-thread-8760#
[PollExecuteTaskStatusExecution] beeed844-a807-4ed8-a9f4-331b186edc29 [2026-08-05T09:04:16.789825] 2 directories collected (STDOUT, APP/TASK/deploy)#
#2026 08 05 09:04:19.668#Z#DEBUG#7564f0ed-90ac-11f1-8dd2-eeee0a922324.hr-app-db-deployer#flowable-async-job-executor-thread-8760#
[PollExecuteTaskStatusExecution] beeed844-a807-4ed8-a9f4-331b186edc29 [2026-08-05T09:04:16.789829] 58 files collected (STDOUT, APP/TASK/deploy)#
#2026 08 05 09:04:19.668#Z#DEBUG#7564f0ed-90ac-11f1-8dd2-eeee0a922324.hr-app-db-deployer#flowable-async-job-executor-thread-8760#
[PollExecuteTaskStatusExecution] beeed844-a807-4ed8-a9f4-331b186edc29 [2026-08-05T09:04:16.789831] 0 reusable modules collected (STDOUT, APP/TASK/deploy)#
#2026 08 05 09:04:19.668#Z#DEBUG#7564f0ed-90ac-11f1-8dd2-eeee0a922324.hr-app-db-deployer#flowable-async-job-executor-thread-8760#
[PollExecuteTaskStatusExecution] beeed844-a807-4ed8-a9f4-331b186edc29 [2026-08-05T09:04:16.789856] Target service: hr-app-hdi (STDOUT, APP/TASK/deploy)#
#2026 08 05 09:04:19.668#Z#DEBUG#7564f0ed-90ac-11f1-8dd2-eeee0a922324.hr-app-db-deployer#flowable-async-job-executor-thread-8760#
[PollExecuteTaskStatusExecution] beeed844-a807-4ed8-a9f4-331b186edc29 [2026-08-05T09:04:16.953275] Previous build with request ID 801 finished at 2026-08-05T08:44:39.864 with status Rolled back and message: Starting make in the container "B4B8755CF2D94AFAAEA6724E2C6F856C" with 0 files to deploy, 0 files to undeploy... ok. (STDOUT, APP/TASK/deploy)#
#2026 08 05 09:04:19.668#Z#DEBUG#7564f0ed-90ac-11f1-8dd2-eeee0a922324.hr-app-db-deployer#flowable-async-job-executor-thread-8760#
[PollExecuteTaskStatusExecution] beeed844-a807-4ed8-a9f4-331b186edc29 [2026-08-05T09:04:16.953316] Processing revoke files... (STDOUT, APP/TASK/deploy)#
#2026 08 05 09:04:19.668#Z#DEBUG#7564f0ed-90ac-11f1-8dd2-eeee0a922324.hr-app-db-deployer#flowable-async-job-executor-thread-8760#
[PollExecuteTaskStatusExecution] beeed844-a807-4ed8-a9f4-331b186edc29 [2026-08-05T09:04:16.953435] Processing revoke files... ok (0s 0ms) (STDOUT, APP/TASK/deploy)#
#2026 08 05 09:04:19.668#Z#DEBUG#7564f0ed-90ac-11f1-8dd2-eeee0a922324.hr-app-db-deployer#flowable-async-job-executor-thread-8760#
[PollExecuteTaskStatusExecution] beeed844-a807-4ed8-a9f4-331b186edc29 [2026-08-05T09:04:16.953646] Processing grants files... (STDOUT, APP/TASK/deploy)#
#2026 08 05 09:04:19.668#Z#DEBUG#7564f0ed-90ac-11f1-8dd2-eeee0a922324.hr-app-db-deployer#flowable-async-job-executor-thread-8760#
[PollExecuteTaskStatusExecution] beeed844-a807-4ed8-a9f4-331b186edc29 [2026-08-05T09:04:16.953780] Processing grants files... ok (0s 0ms) (STDOUT, APP/TASK/deploy)#
#2026 08 05 09:04:19.668#Z#DEBUG#7564f0ed-90ac-11f1-8dd2-eeee0a922324.hr-app-db-deployer#flowable-async-job-executor-thread-8760#
[PollExecuteTaskStatusExecution] beeed844-a807-4ed8-a9f4-331b186edc29 [2026-08-05T09:04:16.956730] Preprocessing files... (STDOUT, APP/TASK/deploy)#
#2026 08 05 09:04:19.668#Z#DEBUG#7564f0ed-90ac-11f1-8dd2-eeee0a922324.hr-app-db-deployer#flowable-async-job-executor-thread-8760#
[PollExecuteTaskStatusExecution] beeed844-a807-4ed8-a9f4-331b186edc29 [2026-08-05T09:04:16.957051] Preprocessing files... ok (0s 0ms) (STDOUT, APP/TASK/deploy)#
#2026 08 05 09:04:19.668#Z#DEBUG#7564f0ed-90ac-11f1-8dd2-eeee0a922324.hr-app-db-deployer#flowable-async-job-executor-thread-8760#
[PollExecuteTaskStatusExecution] beeed844-a807-4ed8-a9f4-331b186edc29 [2026-08-05T09:04:16.957209] Connecting to the container "B4B8755CF2D94AFAAEA6724E2C6F856C"... (STDOUT, APP/TASK/deploy)#
#2026 08 05 09:04:19.668#Z#DEBUG#7564f0ed-90ac-11f1-8dd2-eeee0a922324.hr-app-db-deployer#flowable-async-job-executor-thread-8760#
[PollExecuteTaskStatusExecution] beeed844-a807-4ed8-a9f4-331b186edc29 [2026-08-05T09:04:17.030443] Connecting to the container "B4B8755CF2D94AFAAEA6724E2C6F856C"... ok (0s 73ms) (STDOUT, APP/TASK/deploy)#
#2026 08 05 09:04:19.668#Z#DEBUG#7564f0ed-90ac-11f1-8dd2-eeee0a922324.hr-app-db-deployer#flowable-async-job-executor-thread-8760#
[PollExecuteTaskStatusExecution] beeed844-a807-4ed8-a9f4-331b186edc29 [2026-08-05T09:04:17.030592] Locking the container "B4B8755CF2D94AFAAEA6724E2C6F856C"... (STDOUT, APP/TASK/deploy)#
#2026 08 05 09:04:19.668#Z#DEBUG#7564f0ed-90ac-11f1-8dd2-eeee0a922324.hr-app-db-deployer#flowable-async-job-executor-thread-8760#
[PollExecuteTaskStatusExecution] beeed844-a807-4ed8-a9f4-331b186edc29 [2026-08-05T09:04:17.161108] Locking the container "B4B8755CF2D94AFAAEA6724E2C6F856C"... ok (0s 130ms) (STDOUT, APP/TASK/deploy)#
#2026 08 05 09:04:19.668#Z#DEBUG#7564f0ed-90ac-11f1-8dd2-eeee0a922324.hr-app-db-deployer#flowable-async-job-executor-thread-8760#
[PollExecuteTaskStatusExecution] beeed844-a807-4ed8-a9f4-331b186edc29 [2026-08-05T09:04:17.161144] Synchronizing files with the container "B4B8755CF2D94AFAAEA6724E2C6F856C"... (STDOUT, APP/TASK/deploy)#
#2026 08 05 09:04:19.668#Z#DEBUG#7564f0ed-90ac-11f1-8dd2-eeee0a922324.hr-app-db-deployer#flowable-async-job-executor-thread-8760#
[PollExecuteTaskStatusExecution] beeed844-a807-4ed8-a9f4-331b186edc29 [2026-08-05T09:04:17.429808] Deleting files... (STDOUT, APP/TASK/deploy)#
#2026 08 05 09:04:19.668#Z#DEBUG#7564f0ed-90ac-11f1-8dd2-eeee0a922324.hr-app-db-deployer#flowable-async-job-executor-thread-8760#
[PollExecuteTaskStatusExecution] beeed844-a807-4ed8-a9f4-331b186edc29 [2026-08-05T09:04:17.707446] Deleting files... ok (STDOUT, APP/TASK/deploy)#
#2026 08 05 09:04:19.668#Z#DEBUG#7564f0ed-90ac-11f1-8dd2-eeee0a922324.hr-app-db-deployer#flowable-async-job-executor-thread-8760#
[PollExecuteTaskStatusExecution] beeed844-a807-4ed8-a9f4-331b186edc29 [2026-08-05T09:04:17.707569] Writing files... (STDOUT, APP/TASK/deploy)#
#2026 08 05 09:04:19.668#Z#DEBUG#7564f0ed-90ac-11f1-8dd2-eeee0a922324.hr-app-db-deployer#flowable-async-job-executor-thread-8760#
[PollExecuteTaskStatusExecution] beeed844-a807-4ed8-a9f4-331b186edc29 [2026-08-05T09:04:17.707624] Writing 2 items (STDOUT, APP/TASK/deploy)#
#2026 08 05 09:04:19.668#Z#DEBUG#7564f0ed-90ac-11f1-8dd2-eeee0a922324.hr-app-db-deployer#flowable-async-job-executor-thread-8760#
[PollExecuteTaskStatusExecution] beeed844-a807-4ed8-a9f4-331b186edc29 [2026-08-05T09:04:17.876818] Writing files... ok (STDOUT, APP/TASK/deploy)#
#2026 08 05 09:04:19.668#Z#DEBUG#7564f0ed-90ac-11f1-8dd2-eeee0a922324.hr-app-db-deployer#flowable-async-job-executor-thread-8760#
[PollExecuteTaskStatusExecution] beeed844-a807-4ed8-a9f4-331b186edc29 [2026-08-05T09:04:17.876851] Synchronizing files with the container "B4B8755CF2D94AFAAEA6724E2C6F856C"... ok (0s 716ms) (STDOUT, APP/TASK/deploy)#
#2026 08 05 09:04:19.668#Z#DEBUG#7564f0ed-90ac-11f1-8dd2-eeee0a922324.hr-app-db-deployer#flowable-async-job-executor-thread-8760#
[PollExecuteTaskStatusExecution] beeed844-a807-4ed8-a9f4-331b186edc29 [2026-08-05T09:04:17.877131] added files: [] (STDOUT, APP/TASK/deploy)#
#2026 08 05 09:04:19.668#Z#DEBUG#7564f0ed-90ac-11f1-8dd2-eeee0a922324.hr-app-db-deployer#flowable-async-job-executor-thread-8760#
[PollExecuteTaskStatusExecution] beeed844-a807-4ed8-a9f4-331b186edc29 [2026-08-05T09:04:17.877148] modified files: [] (STDOUT, APP/TASK/deploy)#
#2026 08 05 09:04:19.668#Z#DEBUG#7564f0ed-90ac-11f1-8dd2-eeee0a922324.hr-app-db-deployer#flowable-async-job-executor-thread-8760#
[PollExecuteTaskStatusExecution] beeed844-a807-4ed8-a9f4-331b186edc29 [2026-08-05T09:04:17.877313] Undeploy allowlist file "undeploy.json" found; deleted files will be filtered by the allowlist (STDOUT, APP/TASK/deploy)#
#2026 08 05 09:04:19.668#Z#DEBUG#7564f0ed-90ac-11f1-8dd2-eeee0a922324.hr-app-db-deployer#flowable-async-job-executor-thread-8760#
[PollExecuteTaskStatusExecution] beeed844-a807-4ed8-a9f4-331b186edc29 [2026-08-05T09:04:17.877929] 24 deleted files are scheduled for undeploy before filtering it by undeploy allowlist (STDOUT, APP/TASK/deploy)#
#2026 08 05 09:04:19.668#Z#DEBUG#7564f0ed-90ac-11f1-8dd2-eeee0a922324.hr-app-db-deployer#flowable-async-job-executor-thread-8760#
[PollExecuteTaskStatusExecution] beeed844-a807-4ed8-a9f4-331b186edc29 [2026-08-05T09:04:17.877945] deleted files before filtering it by the undeploy allowlist: [ (STDOUT, APP/TASK/deploy)#
#2026 08 05 09:04:19.668#Z#DEBUG#7564f0ed-90ac-11f1-8dd2-eeee0a922324.hr-app-db-deployer#flowable-async-job-executor-thread-8760#
[PollExecuteTaskStatusExecution] beeed844-a807-4ed8-a9f4-331b186edc29 [2026-08-05T09:04:17.877954] "src/gen/data/hr.app-Candidates.csv", (STDOUT, APP/TASK/deploy)#
#2026 08 05 09:04:19.668#Z#DEBUG#7564f0ed-90ac-11f1-8dd2-eeee0a922324.hr-app-db-deployer#flowable-async-job-executor-thread-8760#
[PollExecuteTaskStatusExecution] beeed844-a807-4ed8-a9f4-331b186edc29 [2026-08-05T09:04:17.877957] "src/gen/data/hr.app-Candidates.hdbtabledata", (STDOUT, APP/TASK/deploy)#
#2026 08 05 09:04:19.668#Z#DEBUG#7564f0ed-90ac-11f1-8dd2-eeee0a922324.hr-app-db-deployer#flowable-async-job-executor-thread-8760#
[PollExecuteTaskStatusExecution] beeed844-a807-4ed8-a9f4-331b186edc29 [2026-08-05T09:04:17.877959] "src/gen/data/hr.app-Departments.csv", (STDOUT, APP/TASK/deploy)#
#2026 08 05 09:04:19.668#Z#DEBUG#7564f0ed-90ac-11f1-8dd2-eeee0a922324.hr-app-db-deployer#flowable-async-job-executor-thread-8760#
[PollExecuteTaskStatusExecution] beeed844-a807-4ed8-a9f4-331b186edc29 [2026-08-05T09:04:17.877962] "src/gen/data/hr.app-Departments.hdbtabledata", (STDOUT, APP/TASK/deploy)#
#2026 08 05 09:04:19.668#Z#DEBUG#7564f0ed-90ac-11f1-8dd2-eeee0a922324.hr-app-db-deployer#flowable-async-job-executor-thread-8760#
[PollExecuteTaskStatusExecution] beeed844-a807-4ed8-a9f4-331b186edc29 [2026-08-05T09:04:17.877965] "src/gen/data/hr.app-EmployeeSkills.csv", (STDOUT, APP/TASK/deploy)#
#2026 08 05 09:04:19.668#Z#DEBUG#7564f0ed-90ac-11f1-8dd2-eeee0a922324.hr-app-db-deployer#flowable-async-job-executor-thread-8760#
[PollExecuteTaskStatusExecution] beeed844-a807-4ed8-a9f4-331b186edc29 [2026-08-05T09:04:17.877968] "src/gen/data/hr.app-EmployeeSkills.hdbtabledata", (STDOUT, APP/TASK/deploy)#
#2026 08 05 09:04:19.668#Z#DEBUG#7564f0ed-90ac-11f1-8dd2-eeee0a922324.hr-app-db-deployer#flowable-async-job-executor-thread-8760#
[PollExecuteTaskStatusExecution] beeed844-a807-4ed8-a9f4-331b186edc29 [2026-08-05T09:04:17.877978] "src/gen/data/hr.app-Employees.csv", (STDOUT, APP/TASK/deploy)#
#2026 08 05 09:04:19.668#Z#DEBUG#7564f0ed-90ac-11f1-8dd2-eeee0a922324.hr-app-db-deployer#flowable-async-job-executor-thread-8760#
[PollExecuteTaskStatusExecution] beeed844-a807-4ed8-a9f4-331b186edc29 [2026-08-05T09:04:17.877982] "src/gen/data/hr.app-Employees.hdbtabledata", (STDOUT, APP/TASK/deploy)#
#2026 08 05 09:04:19.668#Z#DEBUG#7564f0ed-90ac-11f1-8dd2-eeee0a922324.hr-app-db-deployer#flowable-async-job-executor-thread-8760#
[PollExecuteTaskStatusExecution] beeed844-a807-4ed8-a9f4-331b186edc29 [2026-08-05T09:04:17.877985] "src/gen/data/hr.app-Goals.csv", (STDOUT, APP/TASK/deploy)#
#2026 08 05 09:04:19.668#Z#DEBUG#7564f0ed-90ac-11f1-8dd2-eeee0a922324.hr-app-db-deployer#flowable-async-job-executor-thread-8760#
[PollExecuteTaskStatusExecution] beeed844-a807-4ed8-a9f4-331b186edc29 [2026-08-05T09:04:17.877989] "src/gen/data/hr.app-Goals.hdbtabledata", (STDOUT, APP/TASK/deploy)#
#2026 08 05 09:04:19.668#Z#DEBUG#7564f0ed-90ac-11f1-8dd2-eeee0a922324.hr-app-db-deployer#flowable-async-job-executor-thread-8760#
[PollExecuteTaskStatusExecution] beeed844-a807-4ed8-a9f4-331b186edc29 [2026-08-05T09:04:17.877993] "src/gen/data/hr.app-HRPolicies.csv", (STDOUT, APP/TASK/deploy)#
#2026 08 05 09:04:19.668#Z#DEBUG#7564f0ed-90ac-11f1-8dd2-eeee0a922324.hr-app-db-deployer#flowable-async-job-executor-thread-8760#
[PollExecuteTaskStatusExecution] beeed844-a807-4ed8-a9f4-331b186edc29 [2026-08-05T09:04:17.877996] "src/gen/data/hr.app-HRPolicies.hdbtabledata", (STDOUT, APP/TASK/deploy)#
#2026 08 05 09:04:19.668#Z#DEBUG#7564f0ed-90ac-11f1-8dd2-eeee0a922324.hr-app-db-deployer#flowable-async-job-executor-thread-8760#
[PollExecuteTaskStatusExecution] beeed844-a807-4ed8-a9f4-331b186edc29 [2026-08-05T09:04:17.877999] "src/gen/data/hr.app-JobPostings.csv", (STDOUT, APP/TASK/deploy)#
#2026 08 05 09:04:19.668#Z#DEBUG#7564f0ed-90ac-11f1-8dd2-eeee0a922324.hr-app-db-deployer#flowable-async-job-executor-thread-8760#
[PollExecuteTaskStatusExecution] beeed844-a807-4ed8-a9f4-331b186edc29 [2026-08-05T09:04:17.878002] "src/gen/data/hr.app-JobPostings.hdbtabledata", (STDOUT, APP/TASK/deploy)#
#2026 08 05 09:04:19.668#Z#DEBUG#7564f0ed-90ac-11f1-8dd2-eeee0a922324.hr-app-db-deployer#flowable-async-job-executor-thread-8760#
[PollExecuteTaskStatusExecution] beeed844-a807-4ed8-a9f4-331b186edc29 [2026-08-05T09:04:17.878006] "src/gen/data/hr.app-PerformanceReviews.csv", (STDOUT, APP/TASK/deploy)#
#2026 08 05 09:04:19.668#Z#DEBUG#7564f0ed-90ac-11f1-8dd2-eeee0a922324.hr-app-db-deployer#flowable-async-job-executor-thread-8760#
[PollExecuteTaskStatusExecution] beeed844-a807-4ed8-a9f4-331b186edc29 [2026-08-05T09:04:17.878009] "src/gen/data/hr.app-PerformanceReviews.hdbtabledata", (STDOUT, APP/TASK/deploy)#
#2026 08 05 09:04:19.668#Z#DEBUG#7564f0ed-90ac-11f1-8dd2-eeee0a922324.hr-app-db-deployer#flowable-async-job-executor-thread-8760#
[PollExecuteTaskStatusExecution] beeed844-a807-4ed8-a9f4-331b186edc29 [2026-08-05T09:04:17.878011] "src/gen/data/hr.app-Positions.csv", (STDOUT, APP/TASK/deploy)#
#2026 08 05 09:04:19.668#Z#DEBUG#7564f0ed-90ac-11f1-8dd2-eeee0a922324.hr-app-db-deployer#flowable-async-job-executor-thread-8760#
[PollExecuteTaskStatusExecution] beeed844-a807-4ed8-a9f4-331b186edc29 [2026-08-05T09:04:17.878014] "src/gen/data/hr.app-Positions.hdbtabledata", (STDOUT, APP/TASK/deploy)#
#2026 08 05 09:04:19.668#Z#DEBUG#7564f0ed-90ac-11f1-8dd2-eeee0a922324.hr-app-db-deployer#flowable-async-job-executor-thread-8760#
[PollExecuteTaskStatusExecution] beeed844-a807-4ed8-a9f4-331b186edc29 [2026-08-05T09:04:17.878015] "src/gen/data/hr.app-Skills.csv", (STDOUT, APP/TASK/deploy)#
#2026 08 05 09:04:19.668#Z#DEBUG#7564f0ed-90ac-11f1-8dd2-eeee0a922324.hr-app-db-deployer#flowable-async-job-executor-thread-8760#
[PollExecuteTaskStatusExecution] beeed844-a807-4ed8-a9f4-331b186edc29 [2026-08-05T09:04:17.878018] "src/gen/data/hr.app-Skills.hdbtabledata", (STDOUT, APP/TASK/deploy)#
#2026 08 05 09:04:19.668#Z#DEBUG#7564f0ed-90ac-11f1-8dd2-eeee0a922324.hr-app-db-deployer#flowable-async-job-executor-thread-8760#
[PollExecuteTaskStatusExecution] beeed844-a807-4ed8-a9f4-331b186edc29 [2026-08-05T09:04:17.878020] "src/gen/data/hr.app-SurveyResponses.csv", (STDOUT, APP/TASK/deploy)#
#2026 08 05 09:04:19.668#Z#DEBUG#7564f0ed-90ac-11f1-8dd2-eeee0a922324.hr-app-db-deployer#flowable-async-job-executor-thread-8760#
[PollExecuteTaskStatusExecution] beeed844-a807-4ed8-a9f4-331b186edc29 [2026-08-05T09:04:17.878022] "src/gen/data/hr.app-SurveyResponses.hdbtabledata", (STDOUT, APP/TASK/deploy)#
#2026 08 05 09:04:19.668#Z#DEBUG#7564f0ed-90ac-11f1-8dd2-eeee0a922324.hr-app-db-deployer#flowable-async-job-executor-thread-8760#
[PollExecuteTaskStatusExecution] beeed844-a807-4ed8-a9f4-331b186edc29 [2026-08-05T09:04:17.878024] "src/gen/data/hr.app-Surveys.csv", (STDOUT, APP/TASK/deploy)#
#2026 08 05 09:04:19.668#Z#DEBUG#7564f0ed-90ac-11f1-8dd2-eeee0a922324.hr-app-db-deployer#flowable-async-job-executor-thread-8760#
[PollExecuteTaskStatusExecution] beeed844-a807-4ed8-a9f4-331b186edc29 [2026-08-05T09:04:17.878026] "src/gen/data/hr.app-Surveys.hdbtabledata" (STDOUT, APP/TASK/deploy)#
#2026 08 05 09:04:19.668#Z#DEBUG#7564f0ed-90ac-11f1-8dd2-eeee0a922324.hr-app-db-deployer#flowable-async-job-executor-thread-8760#
[PollExecuteTaskStatusExecution] beeed844-a807-4ed8-a9f4-331b186edc29 [2026-08-05T09:04:17.878028] ] (STDOUT, APP/TASK/deploy)#
#2026 08 05 09:04:19.668#Z#DEBUG#7564f0ed-90ac-11f1-8dd2-eeee0a922324.hr-app-db-deployer#flowable-async-job-executor-thread-8760#
[PollExecuteTaskStatusExecution] beeed844-a807-4ed8-a9f4-331b186edc29 [2026-08-05T09:04:17.883257] deleted files: [] (STDOUT, APP/TASK/deploy)#
#2026 08 05 09:04:19.668#Z#DEBUG#7564f0ed-90ac-11f1-8dd2-eeee0a922324.hr-app-db-deployer#flowable-async-job-executor-thread-8760#
[PollExecuteTaskStatusExecution] beeed844-a807-4ed8-a9f4-331b186edc29 [2026-08-05T09:04:17.883402] WARNING: deleted files not in undeploy.json: [ (STDOUT, APP/TASK/deploy)#
#2026 08 05 09:04:19.668#Z#DEBUG#7564f0ed-90ac-11f1-8dd2-eeee0a922324.hr-app-db-deployer#flowable-async-job-executor-thread-8760#
[PollExecuteTaskStatusExecution] beeed844-a807-4ed8-a9f4-331b186edc29 [2026-08-05T09:04:17.883418] "src/gen/data/hr.app-Candidates.csv", (STDOUT, APP/TASK/deploy)#
#2026 08 05 09:04:19.668#Z#DEBUG#7564f0ed-90ac-11f1-8dd2-eeee0a922324.hr-app-db-deployer#flowable-async-job-executor-thread-8760#
[PollExecuteTaskStatusExecution] beeed844-a807-4ed8-a9f4-331b186edc29 [2026-08-05T09:04:17.883421] "src/gen/data/hr.app-Candidates.hdbtabledata", (STDOUT, APP/TASK/deploy)#
#2026 08 05 09:04:19.668#Z#DEBUG#7564f0ed-90ac-11f1-8dd2-eeee0a922324.hr-app-db-deployer#flowable-async-job-executor-thread-8760#
[PollExecuteTaskStatusExecution] beeed844-a807-4ed8-a9f4-331b186edc29 [2026-08-05T09:04:17.883423] "src/gen/data/hr.app-Departments.csv", (STDOUT, APP/TASK/deploy)#
#2026 08 05 09:04:19.668#Z#DEBUG#7564f0ed-90ac-11f1-8dd2-eeee0a922324.hr-app-db-deployer#flowable-async-job-executor-thread-8760#
[PollExecuteTaskStatusExecution] beeed844-a807-4ed8-a9f4-331b186edc29 [2026-08-05T09:04:17.883429] "src/gen/data/hr.app-Departments.hdbtabledata", (STDOUT, APP/TASK/deploy)#
#2026 08 05 09:04:19.668#Z#DEBUG#7564f0ed-90ac-11f1-8dd2-eeee0a922324.hr-app-db-deployer#flowable-async-job-executor-thread-8760#
[PollExecuteTaskStatusExecution] beeed844-a807-4ed8-a9f4-331b186edc29 [2026-08-05T09:04:17.883431] "src/gen/data/hr.app-EmployeeSkills.csv", (STDOUT, APP/TASK/deploy)#
#2026 08 05 09:04:19.668#Z#DEBUG#7564f0ed-90ac-11f1-8dd2-eeee0a922324.hr-app-db-deployer#flowable-async-job-executor-thread-8760#
[PollExecuteTaskStatusExecution] beeed844-a807-4ed8-a9f4-331b186edc29 [2026-08-05T09:04:17.883437] "src/gen/data/hr.app-EmployeeSkills.hdbtabledata", (STDOUT, APP/TASK/deploy)#
#2026 08 05 09:04:19.668#Z#DEBUG#7564f0ed-90ac-11f1-8dd2-eeee0a922324.hr-app-db-deployer#flowable-async-job-executor-thread-8760#
[PollExecuteTaskStatusExecution] beeed844-a807-4ed8-a9f4-331b186edc29 [2026-08-05T09:04:17.883439] "src/gen/data/hr.app-Employees.csv", (STDOUT, APP/TASK/deploy)#
#2026 08 05 09:04:19.668#Z#DEBUG#7564f0ed-90ac-11f1-8dd2-eeee0a922324.hr-app-db-deployer#flowable-async-job-executor-thread-8760#
[PollExecuteTaskStatusExecution] beeed844-a807-4ed8-a9f4-331b186edc29 [2026-08-05T09:04:17.883441] "src/gen/data/hr.app-Employees.hdbtabledata", (STDOUT, APP/TASK/deploy)#
#2026 08 05 09:04:19.668#Z#DEBUG#7564f0ed-90ac-11f1-8dd2-eeee0a922324.hr-app-db-deployer#flowable-async-job-executor-thread-8760#
[PollExecuteTaskStatusExecution] beeed844-a807-4ed8-a9f4-331b186edc29 [2026-08-05T09:04:17.883443] "src/gen/data/hr.app-Goals.csv", (STDOUT, APP/TASK/deploy)#
#2026 08 05 09:04:19.668#Z#DEBUG#7564f0ed-90ac-11f1-8dd2-eeee0a922324.hr-app-db-deployer#flowable-async-job-executor-thread-8760#
[PollExecuteTaskStatusExecution] beeed844-a807-4ed8-a9f4-331b186edc29 [2026-08-05T09:04:17.883445] "src/gen/data/hr.app-Goals.hdbtabledata", (STDOUT, APP/TASK/deploy)#
#2026 08 05 09:04:19.668#Z#DEBUG#7564f0ed-90ac-11f1-8dd2-eeee0a922324.hr-app-db-deployer#flowable-async-job-executor-thread-8760#
[PollExecuteTaskStatusExecution] beeed844-a807-4ed8-a9f4-331b186edc29 [2026-08-05T09:04:17.883447] "src/gen/data/hr.app-HRPolicies.csv", (STDOUT, APP/TASK/deploy)#
#2026 08 05 09:04:19.668#Z#DEBUG#7564f0ed-90ac-11f1-8dd2-eeee0a922324.hr-app-db-deployer#flowable-async-job-executor-thread-8760#
[PollExecuteTaskStatusExecution] beeed844-a807-4ed8-a9f4-331b186edc29 [2026-08-05T09:04:17.883449] "src/gen/data/hr.app-HRPolicies.hdbtabledata", (STDOUT, APP/TASK/deploy)#
#2026 08 05 09:04:19.668#Z#DEBUG#7564f0ed-90ac-11f1-8dd2-eeee0a922324.hr-app-db-deployer#flowable-async-job-executor-thread-8760#
[PollExecuteTaskStatusExecution] beeed844-a807-4ed8-a9f4-331b186edc29 [2026-08-05T09:04:17.883451] "src/gen/data/hr.app-JobPostings.csv", (STDOUT, APP/TASK/deploy)#
#2026 08 05 09:04:19.668#Z#DEBUG#7564f0ed-90ac-11f1-8dd2-eeee0a922324.hr-app-db-deployer#flowable-async-job-executor-thread-8760#
[PollExecuteTaskStatusExecution] beeed844-a807-4ed8-a9f4-331b186edc29 [2026-08-05T09:04:17.883453] "src/gen/data/hr.app-JobPostings.hdbtabledata", (STDOUT, APP/TASK/deploy)#
#2026 08 05 09:04:19.668#Z#DEBUG#7564f0ed-90ac-11f1-8dd2-eeee0a922324.hr-app-db-deployer#flowable-async-job-executor-thread-8760#
[PollExecuteTaskStatusExecution] beeed844-a807-4ed8-a9f4-331b186edc29 [2026-08-05T09:04:17.883455] "src/gen/data/hr.app-PerformanceReviews.csv", (STDOUT, APP/TASK/deploy)#
#2026 08 05 09:04:19.668#Z#DEBUG#7564f0ed-90ac-11f1-8dd2-eeee0a922324.hr-app-db-deployer#flowable-async-job-executor-thread-8760#
[PollExecuteTaskStatusExecution] beeed844-a807-4ed8-a9f4-331b186edc29 [2026-08-05T09:04:17.883457] "src/gen/data/hr.app-PerformanceReviews.hdbtabledata", (STDOUT, APP/TASK/deploy)#
#2026 08 05 09:04:19.668#Z#DEBUG#7564f0ed-90ac-11f1-8dd2-eeee0a922324.hr-app-db-deployer#flowable-async-job-executor-thread-8760#
[PollExecuteTaskStatusExecution] beeed844-a807-4ed8-a9f4-331b186edc29 [2026-08-05T09:04:17.883459] "src/gen/data/hr.app-Positions.csv", (STDOUT, APP/TASK/deploy)#
#2026 08 05 09:04:19.668#Z#DEBUG#7564f0ed-90ac-11f1-8dd2-eeee0a922324.hr-app-db-deployer#flowable-async-job-executor-thread-8760#
[PollExecuteTaskStatusExecution] beeed844-a807-4ed8-a9f4-331b186edc29 [2026-08-05T09:04:17.883462] "src/gen/data/hr.app-Positions.hdbtabledata", (STDOUT, APP/TASK/deploy)#
#2026 08 05 09:04:19.668#Z#DEBUG#7564f0ed-90ac-11f1-8dd2-eeee0a922324.hr-app-db-deployer#flowable-async-job-executor-thread-8760#
[PollExecuteTaskStatusExecution] beeed844-a807-4ed8-a9f4-331b186edc29 [2026-08-05T09:04:17.883464] "src/gen/data/hr.app-Skills.csv", (STDOUT, APP/TASK/deploy)#
#2026 08 05 09:04:19.668#Z#DEBUG#7564f0ed-90ac-11f1-8dd2-eeee0a922324.hr-app-db-deployer#flowable-async-job-executor-thread-8760#
[PollExecuteTaskStatusExecution] beeed844-a807-4ed8-a9f4-331b186edc29 [2026-08-05T09:04:17.883466] "src/gen/data/hr.app-Skills.hdbtabledata", (STDOUT, APP/TASK/deploy)#
#2026 08 05 09:04:19.668#Z#DEBUG#7564f0ed-90ac-11f1-8dd2-eeee0a922324.hr-app-db-deployer#flowable-async-job-executor-thread-8760#
[PollExecuteTaskStatusExecution] beeed844-a807-4ed8-a9f4-331b186edc29 [2026-08-05T09:04:17.883468] "src/gen/data/hr.app-SurveyResponses.csv", (STDOUT, APP/TASK/deploy)#
#2026 08 05 09:04:19.668#Z#DEBUG#7564f0ed-90ac-11f1-8dd2-eeee0a922324.hr-app-db-deployer#flowable-async-job-executor-thread-8760#
[PollExecuteTaskStatusExecution] beeed844-a807-4ed8-a9f4-331b186edc29 [2026-08-05T09:04:17.883470] "src/gen/data/hr.app-SurveyResponses.hdbtabledata", (STDOUT, APP/TASK/deploy)#
#2026 08 05 09:04:19.668#Z#DEBUG#7564f0ed-90ac-11f1-8dd2-eeee0a922324.hr-app-db-deployer#flowable-async-job-executor-thread-8760#
[PollExecuteTaskStatusExecution] beeed844-a807-4ed8-a9f4-331b186edc29 [2026-08-05T09:04:17.883471] "src/gen/data/hr.app-Surveys.csv", (STDOUT, APP/TASK/deploy)#
#2026 08 05 09:04:19.668#Z#DEBUG#7564f0ed-90ac-11f1-8dd2-eeee0a922324.hr-app-db-deployer#flowable-async-job-executor-thread-8760#
[PollExecuteTaskStatusExecution] beeed844-a807-4ed8-a9f4-331b186edc29 [2026-08-05T09:04:17.883486] "src/gen/data/hr.app-Surveys.hdbtabledata" (STDOUT, APP/TASK/deploy)#
#2026 08 05 09:04:19.668#Z#DEBUG#7564f0ed-90ac-11f1-8dd2-eeee0a922324.hr-app-db-deployer#flowable-async-job-executor-thread-8760#
[PollExecuteTaskStatusExecution] beeed844-a807-4ed8-a9f4-331b186edc29 [2026-08-05T09:04:17.883489] ] (STDOUT, APP/TASK/deploy)#
#2026 08 05 09:04:19.668#Z#DEBUG#7564f0ed-90ac-11f1-8dd2-eeee0a922324.hr-app-db-deployer#flowable-async-job-executor-thread-8760#
[PollExecuteTaskStatusExecution] beeed844-a807-4ed8-a9f4-331b186edc29 [2026-08-05T09:04:17.883613] 0 modified or added files are scheduled for deploy based on delta detection (STDOUT, APP/TASK/deploy)#
#2026 08 05 09:04:19.668#Z#DEBUG#7564f0ed-90ac-11f1-8dd2-eeee0a922324.hr-app-db-deployer#flowable-async-job-executor-thread-8760#
[PollExecuteTaskStatusExecution] beeed844-a807-4ed8-a9f4-331b186edc29 [2026-08-05T09:04:17.883859] 0 deleted files are scheduled for undeploy based on delta detection (filtered by undeploy allowlist) (STDOUT, APP/TASK/deploy)#
#2026 08 05 09:04:19.668#Z#DEBUG#7564f0ed-90ac-11f1-8dd2-eeee0a922324.hr-app-db-deployer#flowable-async-job-executor-thread-8760#
[PollExecuteTaskStatusExecution] beeed844-a807-4ed8-a9f4-331b186edc29 [2026-08-05T09:04:17.883955] 0 files are scheduled for deploy based on explicit specification (STDOUT, APP/TASK/deploy)#
#2026 08 05 09:04:19.668#Z#DEBUG#7564f0ed-90ac-11f1-8dd2-eeee0a922324.hr-app-db-deployer#flowable-async-job-executor-thread-8760#
[PollExecuteTaskStatusExecution] beeed844-a807-4ed8-a9f4-331b186edc29 [2026-08-05T09:04:17.883974] 0 files are scheduled for undeploy based on explicit specification (STDOUT, APP/TASK/deploy)#
#2026 08 05 09:04:19.668#Z#DEBUG#7564f0ed-90ac-11f1-8dd2-eeee0a922324.hr-app-db-deployer#flowable-async-job-executor-thread-8760#
[PollExecuteTaskStatusExecution] beeed844-a807-4ed8-a9f4-331b186edc29 [2026-08-05T09:04:17.884122] Deploying to the container "B4B8755CF2D94AFAAEA6724E2C6F856C"... (STDOUT, APP/TASK/deploy)#
#2026 08 05 09:04:19.668#Z#DEBUG#7564f0ed-90ac-11f1-8dd2-eeee0a922324.hr-app-db-deployer#flowable-async-job-executor-thread-8760#
[PollExecuteTaskStatusExecution] beeed844-a807-4ed8-a9f4-331b186edc29 [2026-08-05T09:04:18.168933] Starting make in the container "B4B8755CF2D94AFAAEA6724E2C6F856C" with 0 files to deploy, 0 files to undeploy... (STDOUT, APP/TASK/deploy)#
#2026 08 05 09:04:19.668#Z#DEBUG#7564f0ed-90ac-11f1-8dd2-eeee0a922324.hr-app-db-deployer#flowable-async-job-executor-thread-8760#
[PollExecuteTaskStatusExecution] beeed844-a807-4ed8-a9f4-331b186edc29 [2026-08-05T09:04:18.168963] Disabling table replication for the container schema "B4B8755CF2D94AFAAEA6724E2C6F856C"... (STDOUT, APP/TASK/deploy)#
#2026 08 05 09:04:19.668#Z#DEBUG#7564f0ed-90ac-11f1-8dd2-eeee0a922324.hr-app-db-deployer#flowable-async-job-executor-thread-8760#
[PollExecuteTaskStatusExecution] beeed844-a807-4ed8-a9f4-331b186edc29 [2026-08-05T09:04:18.168968] Disabling table replication for the container schema "B4B8755CF2D94AFAAEA6724E2C6F856C"... ok (0s 15ms) (STDOUT, APP/TASK/deploy)#
#2026 08 05 09:04:19.668#Z#DEBUG#7564f0ed-90ac-11f1-8dd2-eeee0a922324.hr-app-db-deployer#flowable-async-job-executor-thread-8760#
[PollExecuteTaskStatusExecution] beeed844-a807-4ed8-a9f4-331b186edc29 [2026-08-05T09:04:18.169817] Migrating libraries... (STDOUT, APP/TASK/deploy)#
#2026 08 05 09:04:19.668#Z#DEBUG#7564f0ed-90ac-11f1-8dd2-eeee0a922324.hr-app-db-deployer#flowable-async-job-executor-thread-8760#
[PollExecuteTaskStatusExecution] beeed844-a807-4ed8-a9f4-331b186edc29 [2026-08-05T09:04:18.169843] Migrating libraries... ok (0s 10ms) (STDOUT, APP/TASK/deploy)#
#2026 08 05 09:04:19.668#Z#DEBUG#7564f0ed-90ac-11f1-8dd2-eeee0a922324.hr-app-db-deployer#flowable-async-job-executor-thread-8760#
[PollExecuteTaskStatusExecution] beeed844-a807-4ed8-a9f4-331b186edc29 [2026-08-05T09:04:18.169851] Making... (STDOUT, APP/TASK/deploy)#
#2026 08 05 09:04:19.668#Z#DEBUG#7564f0ed-90ac-11f1-8dd2-eeee0a922324.hr-app-db-deployer#flowable-async-job-executor-thread-8760#
[PollExecuteTaskStatusExecution] beeed844-a807-4ed8-a9f4-331b186edc29 [2026-08-05T09:04:18.169895] Preparing... (STDOUT, APP/TASK/deploy)#
#2026 08 05 09:04:19.668#Z#DEBUG#7564f0ed-90ac-11f1-8dd2-eeee0a922324.hr-app-db-deployer#flowable-async-job-executor-thread-8760#
[PollExecuteTaskStatusExecution] beeed844-a807-4ed8-a9f4-331b186edc29 [2026-08-05T09:04:18.169906] Preparing... ok (0s 0ms) (STDOUT, APP/TASK/deploy)#
#2026 08 05 09:04:19.668#Z#DEBUG#7564f0ed-90ac-11f1-8dd2-eeee0a922324.hr-app-db-deployer#flowable-async-job-executor-thread-8760#
[PollExecuteTaskStatusExecution] beeed844-a807-4ed8-a9f4-331b186edc29 [2026-08-05T09:04:18.169957] Preparing the make transaction... (STDOUT, APP/TASK/deploy)#
#2026 08 05 09:04:19.668#Z#DEBUG#7564f0ed-90ac-11f1-8dd2-eeee0a922324.hr-app-db-deployer#flowable-async-job-executor-thread-8760#
[PollExecuteTaskStatusExecution] beeed844-a807-4ed8-a9f4-331b186edc29 [2026-08-05T09:04:18.170108] Preparing the make transaction... ok (0s 10ms) (STDOUT, APP/TASK/deploy)#
#2026 08 05 09:04:19.668#Z#DEBUG#7564f0ed-90ac-11f1-8dd2-eeee0a922324.hr-app-db-deployer#flowable-async-job-executor-thread-8760#
[PollExecuteTaskStatusExecution] beeed844-a807-4ed8-a9f4-331b186edc29 [2026-08-05T09:04:18.170159] Calculating dependencies... (STDOUT, APP/TASK/deploy)#
#2026 08 05 09:04:19.668#Z#DEBUG#7564f0ed-90ac-11f1-8dd2-eeee0a922324.hr-app-db-deployer#flowable-async-job-executor-thread-8760#
[PollExecuteTaskStatusExecution] beeed844-a807-4ed8-a9f4-331b186edc29 [2026-08-05T09:04:18.170170] Expanding... (STDOUT, APP/TASK/deploy)#
#2026 08 05 09:04:19.668#Z#DEBUG#7564f0ed-90ac-11f1-8dd2-eeee0a922324.hr-app-db-deployer#flowable-async-job-executor-thread-8760#
[PollExecuteTaskStatusExecution] beeed844-a807-4ed8-a9f4-331b186edc29 [2026-08-05T09:04:18.170229] Expanding... ok (0s 4ms) (STDOUT, APP/TASK/deploy)#
#2026 08 05 09:04:19.668#Z#DEBUG#7564f0ed-90ac-11f1-8dd2-eeee0a922324.hr-app-db-deployer#flowable-async-job-executor-thread-8760#
[PollExecuteTaskStatusExecution] beeed844-a807-4ed8-a9f4-331b186edc29 [2026-08-05T09:04:18.170239] Precompiling... (STDOUT, APP/TASK/deploy)#
#2026 08 05 09:04:19.668#Z#DEBUG#7564f0ed-90ac-11f1-8dd2-eeee0a922324.hr-app-db-deployer#flowable-async-job-executor-thread-8760#
[PollExecuteTaskStatusExecution] beeed844-a807-4ed8-a9f4-331b186edc29 [2026-08-05T09:04:18.170242] Precompiling... ok (0s 0ms) (STDOUT, APP/TASK/deploy)#
#2026 08 05 09:04:19.668#Z#DEBUG#7564f0ed-90ac-11f1-8dd2-eeee0a922324.hr-app-db-deployer#flowable-async-job-executor-thread-8760#
[PollExecuteTaskStatusExecution] beeed844-a807-4ed8-a9f4-331b186edc29 [2026-08-05T09:04:18.170255] Merging... (STDOUT, APP/TASK/deploy)#
#2026 08 05 09:04:19.668#Z#DEBUG#7564f0ed-90ac-11f1-8dd2-eeee0a922324.hr-app-db-deployer#flowable-async-job-executor-thread-8760#
[PollExecuteTaskStatusExecution] beeed844-a807-4ed8-a9f4-331b186edc29 [2026-08-05T09:04:18.170326] Merging... ok (0s 0ms) (STDOUT, APP/TASK/deploy)#
#2026 08 05 09:04:19.668#Z#DEBUG#7564f0ed-90ac-11f1-8dd2-eeee0a922324.hr-app-db-deployer#flowable-async-job-executor-thread-8760#
[PollExecuteTaskStatusExecution] beeed844-a807-4ed8-a9f4-331b186edc29 [2026-08-05T09:04:18.170348] Calculating dependencies... ok (0s 5ms) (STDOUT, APP/TASK/deploy)#
#2026 08 05 09:04:19.668#Z#DEBUG#7564f0ed-90ac-11f1-8dd2-eeee0a922324.hr-app-db-deployer#flowable-async-job-executor-thread-8760#
[PollExecuteTaskStatusExecution] beeed844-a807-4ed8-a9f4-331b186edc29 [2026-08-05T09:04:18.170352] No make necessary (STDOUT, APP/TASK/deploy)#
#2026 08 05 09:04:19.668#Z#DEBUG#7564f0ed-90ac-11f1-8dd2-eeee0a922324.hr-app-db-deployer#flowable-async-job-executor-thread-8760#
[PollExecuteTaskStatusExecution] beeed844-a807-4ed8-a9f4-331b186edc29 [2026-08-05T09:04:18.170368] Making... ok (0s 43ms) (STDOUT, APP/TASK/deploy)#
#2026 08 05 09:04:19.668#Z#DEBUG#7564f0ed-90ac-11f1-8dd2-eeee0a922324.hr-app-db-deployer#flowable-async-job-executor-thread-8760#
[PollExecuteTaskStatusExecution] beeed844-a807-4ed8-a9f4-331b186edc29 [2026-08-05T09:04:18.170433] Enabling table replication for the container schema "B4B8755CF2D94AFAAEA6724E2C6F856C"... (STDOUT, APP/TASK/deploy)#
#2026 08 05 09:04:19.668#Z#DEBUG#7564f0ed-90ac-11f1-8dd2-eeee0a922324.hr-app-db-deployer#flowable-async-job-executor-thread-8760#
[PollExecuteTaskStatusExecution] beeed844-a807-4ed8-a9f4-331b186edc29 [2026-08-05T09:04:18.170448] Enabling table replication for the container schema "B4B8755CF2D94AFAAEA6724E2C6F856C"... ok (0s 9ms) (STDOUT, APP/TASK/deploy)#
#2026 08 05 09:04:19.668#Z#DEBUG#7564f0ed-90ac-11f1-8dd2-eeee0a922324.hr-app-db-deployer#flowable-async-job-executor-thread-8760#
[PollExecuteTaskStatusExecution] beeed844-a807-4ed8-a9f4-331b186edc29 [2026-08-05T09:04:18.170502] Starting make in the container "B4B8755CF2D94AFAAEA6724E2C6F856C" with 0 files to deploy, 0 files to undeploy... ok (0s 84ms) (STDOUT, APP/TASK/deploy)#
#2026 08 05 09:04:19.668#Z#DEBUG#7564f0ed-90ac-11f1-8dd2-eeee0a922324.hr-app-db-deployer#flowable-async-job-executor-thread-8760#
[PollExecuteTaskStatusExecution] beeed844-a807-4ed8-a9f4-331b186edc29 [2026-08-05T09:04:18.170832] Deploying to the container "B4B8755CF2D94AFAAEA6724E2C6F856C"... ok (0s 287ms) (STDOUT, APP/TASK/deploy)#
#2026 08 05 09:04:19.668#Z#DEBUG#7564f0ed-90ac-11f1-8dd2-eeee0a922324.hr-app-db-deployer#flowable-async-job-executor-thread-8760#
[PollExecuteTaskStatusExecution] beeed844-a807-4ed8-a9f4-331b186edc29 [2026-08-05T09:04:18.171236] No default-access-role handling needed; global role "B4B8755CF2D94AFAAEA6724E2C6F856C::access_role" will not be adapted (STDOUT, APP/TASK/deploy)#
#2026 08 05 09:04:19.668#Z#DEBUG#7564f0ed-90ac-11f1-8dd2-eeee0a922324.hr-app-db-deployer#flowable-async-job-executor-thread-8760#
[PollExecuteTaskStatusExecution] beeed844-a807-4ed8-a9f4-331b186edc29 [2026-08-05T09:04:18.171263] Unlocking the container "B4B8755CF2D94AFAAEA6724E2C6F856C"... (STDOUT, APP/TASK/deploy)#
#2026 08 05 09:04:19.668#Z#DEBUG#7564f0ed-90ac-11f1-8dd2-eeee0a922324.hr-app-db-deployer#flowable-async-job-executor-thread-8760#
[PollExecuteTaskStatusExecution] beeed844-a807-4ed8-a9f4-331b186edc29 [2026-08-05T09:04:18.171734] Unlocking the container "B4B8755CF2D94AFAAEA6724E2C6F856C"... ok (0s 0ms) (STDOUT, APP/TASK/deploy)#
#2026 08 05 09:04:19.668#Z#DEBUG#7564f0ed-90ac-11f1-8dd2-eeee0a922324.hr-app-db-deployer#flowable-async-job-executor-thread-8760#
[PollExecuteTaskStatusExecution] beeed844-a807-4ed8-a9f4-331b186edc29 [2026-08-05T09:04:18.171861] Deployment to container B4B8755CF2D94AFAAEA6724E2C6F856C done [Deployment ID: none]. (STDOUT, APP/TASK/deploy)#
#2026 08 05 09:04:19.668#Z#DEBUG#7564f0ed-90ac-11f1-8dd2-eeee0a922324.hr-app-db-deployer#flowable-async-job-executor-thread-8760#
[PollExecuteTaskStatusExecution] beeed844-a807-4ed8-a9f4-331b186edc29 [2026-08-05T09:04:18.172439] Deployment ended at 2026-08-05 09:04:18 (STDOUT, APP/TASK/deploy)#
#2026 08 05 09:04:19.668#Z#DEBUG#7564f0ed-90ac-11f1-8dd2-eeee0a922324.hr-app-db-deployer#flowable-async-job-executor-thread-8760#
[PollExecuteTaskStatusExecution] beeed844-a807-4ed8-a9f4-331b186edc29 [2026-08-05T09:04:18.172977] (2s 13ms) (STDOUT, APP/TASK/deploy)#
#2026 08 05 09:04:19.668#Z#DEBUG#7564f0ed-90ac-11f1-8dd2-eeee0a922324.hr-app-db-deployer#flowable-async-job-executor-thread-8760#
[PollExecuteTaskStatusExecution] beeed844-a807-4ed8-a9f4-331b186edc29 [2026-08-05T09:04:18.188141] npm notice (STDERR, APP/TASK/deploy)#
#2026 08 05 09:04:19.668#Z#DEBUG#7564f0ed-90ac-11f1-8dd2-eeee0a922324.hr-app-db-deployer#flowable-async-job-executor-thread-8760#
[PollExecuteTaskStatusExecution] beeed844-a807-4ed8-a9f4-331b186edc29 [2026-08-05T09:04:18.188170] npm notice New major version of npm available! 11.12.1 -> 12.0.2 (STDERR, APP/TASK/deploy)#
#2026 08 05 09:04:19.668#Z#DEBUG#7564f0ed-90ac-11f1-8dd2-eeee0a922324.hr-app-db-deployer#flowable-async-job-executor-thread-8760#
[PollExecuteTaskStatusExecution] beeed844-a807-4ed8-a9f4-331b186edc29 [2026-08-05T09:04:18.188174] npm notice Changelog: https://github.com/npm/cli/releases/tag/v12.0.2 (STDERR, APP/TASK/deploy)#
#2026 08 05 09:04:19.668#Z#DEBUG#7564f0ed-90ac-11f1-8dd2-eeee0a922324.hr-app-db-deployer#flowable-async-job-executor-thread-8760#
[PollExecuteTaskStatusExecution] beeed844-a807-4ed8-a9f4-331b186edc29 [2026-08-05T09:04:18.188176] npm notice To update run: npm install -g npm@12.0.2 (STDERR, APP/TASK/deploy)#
#2026 08 05 09:04:19.668#Z#DEBUG#7564f0ed-90ac-11f1-8dd2-eeee0a922324.hr-app-db-deployer#flowable-async-job-executor-thread-8760#
[PollExecuteTaskStatusExecution] beeed844-a807-4ed8-a9f4-331b186edc29 [2026-08-05T09:04:18.188179] npm notice (STDERR, APP/TASK/deploy)#
#2026 08 05 09:04:19.668#Z#DEBUG#7564f0ed-90ac-11f1-8dd2-eeee0a922324.hr-app-db-deployer#flowable-async-job-executor-thread-8760#
[PollExecuteTaskStatusExecution] beeed844-a807-4ed8-a9f4-331b186edc29 [2026-08-05T09:04:18.255987] Exit status 0 (STDOUT, APP/TASK/deploy)#
#2026 08 05 09:04:29.766#Z#DEBUG#7564f0ed-90ac-11f1-8dd2-eeee0a922324.hr-app-db-deployer#flowable-async-job-executor-thread-15648#
[PollExecuteTaskStatusExecution] beeed844-a807-4ed8-a9f4-331b186edc29 [2026-08-05T09:04:19.518737] Cell 77283d80-dfa7-40ba-ba4e-265aef112085 stopping instance b743e773-a8b3-46e4-8aa2-abaf49fdf8e1 (STDOUT, CELL)#
#2026 08 05 09:04:29.766#Z#DEBUG#7564f0ed-90ac-11f1-8dd2-eeee0a922324.hr-app-db-deployer#flowable-async-job-executor-thread-15648#
[PollExecuteTaskStatusExecution] beeed844-a807-4ed8-a9f4-331b186edc29 [2026-08-05T09:04:19.518778] Cell 77283d80-dfa7-40ba-ba4e-265aef112085 destroying container for instance b743e773-a8b3-46e4-8aa2-abaf49fdf8e1 (STDOUT, CELL)#
#2026 08 05 09:04:29.766#Z#DEBUG#7564f0ed-90ac-11f1-8dd2-eeee0a922324.hr-app-db-deployer#flowable-async-job-executor-thread-15648#
[PollExecuteTaskStatusExecution] beeed844-a807-4ed8-a9f4-331b186edc29 [2026-08-05T09:04:22.059972] Cell 77283d80-dfa7-40ba-ba4e-265aef112085 successfully destroyed container for instance b743e773-a8b3-46e4-8aa2-abaf49fdf8e1 (STDOUT, CELL)#
